#father_id	father_path	mother_id	mother_path	child_id	child_path
1002292703	/BiO/scratch/users/minhak/hyunwoo/data/rawdata_fastq_symbolic/1002292703	1002292715	/BiO/scratch/users/minhak/hyunwoo/data/rawdata_fastq_symbolic/1002292715	1002292691	/BiO/scratch/users/minhak/hyunwoo/data/rawdata_fastq_symbolic/1002292691
1002292703	/BiO/scratch/users/minhak/hyunwoo/data/rawdata_fastq_symbolic/1002292703	1002292715	/BiO/scratch/users/minhak/hyunwoo/data/rawdata_fastq_symbolic/1002292715	1002292727	/BiO/scratch/users/minhak/hyunwoo/data/rawdata_fastq_symbolic/1002292727
1002298753	/BiO/scratch/users/minhak/hyunwoo/data/rawdata_fastq_symbolic/1002298753	1002298765	/BiO/scratch/users/minhak/hyunwoo/data/rawdata_fastq_symbolic/1002298765	1002298717	/BiO/scratch/users/minhak/hyunwoo/data/rawdata_fastq_symbolic/1002298717
1002298753	/BiO/scratch/users/minhak/hyunwoo/data/rawdata_fastq_symbolic/1002298753	1002298765	/BiO/scratch/users/minhak/hyunwoo/data/rawdata_fastq_symbolic/1002298765	4054649052	/BiO/scratch/users/minhak/hyunwoo/data/rawdata_fastq_symbolic/4054649052
1002325060	/BiO/scratch/users/minhak/hyunwoo/data/rawdata_fastq_symbolic/1002325060	1002325072	/BiO/scratch/users/minhak/hyunwoo/data/rawdata_fastq_symbolic/1002325072	1002316270	/BiO/scratch/users/minhak/hyunwoo/data/rawdata_fastq_symbolic/1002316270
1002325060	/BiO/scratch/users/minhak/hyunwoo/data/rawdata_fastq_symbolic/1002325060	1002325072	/BiO/scratch/users/minhak/hyunwoo/data/rawdata_fastq_symbolic/1002325072	1002325170	/BiO/scratch/users/minhak/hyunwoo/data/rawdata_fastq_symbolic/1002325170
1002323394	/BiO/scratch/users/minhak/hyunwoo/data/rawdata_fastq_symbolic/1002323394	1002323406	/BiO/scratch/users/minhak/hyunwoo/data/rawdata_fastq_symbolic/1002323406	1002323370	/BiO/scratch/users/minhak/hyunwoo/data/rawdata_fastq_symbolic/1002323370
1002323394	/BiO/scratch/users/minhak/hyunwoo/data/rawdata_fastq_symbolic/1002323394	1002323406	/BiO/scratch/users/minhak/hyunwoo/data/rawdata_fastq_symbolic/1002323406	1002323382	/BiO/scratch/users/minhak/hyunwoo/data/rawdata_fastq_symbolic/1002323382
1002323451	/BiO/scratch/users/minhak/hyunwoo/data/rawdata_fastq_symbolic/1002323451	1002323368	/BiO/scratch/users/minhak/hyunwoo/data/rawdata_fastq_symbolic/1002323368	1002323439	/BiO/scratch/users/minhak/hyunwoo/data/rawdata_fastq_symbolic/1002323439
1002323451	/BiO/scratch/users/minhak/hyunwoo/data/rawdata_fastq_symbolic/1002323451	1002323368	/BiO/scratch/users/minhak/hyunwoo/data/rawdata_fastq_symbolic/1002323368	1002323380	/BiO/scratch/users/minhak/hyunwoo/data/rawdata_fastq_symbolic/1002323380
4063974969	/BiO/scratch/users/minhak/hyunwoo/data/rawdata_fastq_symbolic/4063974969	1002323371	/BiO/scratch/users/minhak/hyunwoo/data/rawdata_fastq_symbolic/1002323371	1002323442	/BiO/scratch/users/minhak/hyunwoo/data/rawdata_fastq_symbolic/1002323442
4063974969	/BiO/scratch/users/minhak/hyunwoo/data/rawdata_fastq_symbolic/4063974969	1002323371	/BiO/scratch/users/minhak/hyunwoo/data/rawdata_fastq_symbolic/1002323371	1002323454	/BiO/scratch/users/minhak/hyunwoo/data/rawdata_fastq_symbolic/1002323454
1002322882	/BiO/scratch/users/minhak/hyunwoo/data/rawdata_fastq_symbolic/1002322882	1002325005	/BiO/scratch/users/minhak/hyunwoo/data/rawdata_fastq_symbolic/1002325005	1002324993	/BiO/scratch/users/minhak/hyunwoo/data/rawdata_fastq_symbolic/1002324993
1002322882	/BiO/scratch/users/minhak/hyunwoo/data/rawdata_fastq_symbolic/1002322882	1002325005	/BiO/scratch/users/minhak/hyunwoo/data/rawdata_fastq_symbolic/1002325005	4065800374	/BiO/scratch/users/minhak/hyunwoo/data/rawdata_fastq_symbolic/4065800374
1002325041	/BiO/scratch/users/minhak/hyunwoo/data/rawdata_fastq_symbolic/1002325041	1002325053	/BiO/scratch/users/minhak/hyunwoo/data/rawdata_fastq_symbolic/1002325053	1002325065	/BiO/scratch/users/minhak/hyunwoo/data/rawdata_fastq_symbolic/1002325065
1002325041	/BiO/scratch/users/minhak/hyunwoo/data/rawdata_fastq_symbolic/1002325041	1002325053	/BiO/scratch/users/minhak/hyunwoo/data/rawdata_fastq_symbolic/1002325053	1002325077	/BiO/scratch/users/minhak/hyunwoo/data/rawdata_fastq_symbolic/1002325077
1002323365	/BiO/scratch/users/minhak/hyunwoo/data/rawdata_fastq_symbolic/1002323365	1002336070	/BiO/scratch/users/minhak/hyunwoo/data/rawdata_fastq_symbolic/1002336070	1002336058	/BiO/scratch/users/minhak/hyunwoo/data/rawdata_fastq_symbolic/1002336058
1002323365	/BiO/scratch/users/minhak/hyunwoo/data/rawdata_fastq_symbolic/1002323365	1002336070	/BiO/scratch/users/minhak/hyunwoo/data/rawdata_fastq_symbolic/1002336070	4065796006	/BiO/scratch/users/minhak/hyunwoo/data/rawdata_fastq_symbolic/4065796006
1002336072	/BiO/scratch/users/minhak/hyunwoo/data/rawdata_fastq_symbolic/1002336072	1002336084	/BiO/scratch/users/minhak/hyunwoo/data/rawdata_fastq_symbolic/1002336084	1002336060	/BiO/scratch/users/minhak/hyunwoo/data/rawdata_fastq_symbolic/1002336060
1002336072	/BiO/scratch/users/minhak/hyunwoo/data/rawdata_fastq_symbolic/1002336072	1002336084	/BiO/scratch/users/minhak/hyunwoo/data/rawdata_fastq_symbolic/1002336084	1002336048	/BiO/scratch/users/minhak/hyunwoo/data/rawdata_fastq_symbolic/1002336048
1002336053	/BiO/scratch/users/minhak/hyunwoo/data/rawdata_fastq_symbolic/1002336053	1002336065	/BiO/scratch/users/minhak/hyunwoo/data/rawdata_fastq_symbolic/1002336065	1002336124	/BiO/scratch/users/minhak/hyunwoo/data/rawdata_fastq_symbolic/1002336124
1002336053	/BiO/scratch/users/minhak/hyunwoo/data/rawdata_fastq_symbolic/1002336053	1002336065	/BiO/scratch/users/minhak/hyunwoo/data/rawdata_fastq_symbolic/1002336065	1002336041	/BiO/scratch/users/minhak/hyunwoo/data/rawdata_fastq_symbolic/1002336041
1002336044	/BiO/scratch/users/minhak/hyunwoo/data/rawdata_fastq_symbolic/1002336044	1002336056	/BiO/scratch/users/minhak/hyunwoo/data/rawdata_fastq_symbolic/1002336056	1002336127	/BiO/scratch/users/minhak/hyunwoo/data/rawdata_fastq_symbolic/1002336127
1002336044	/BiO/scratch/users/minhak/hyunwoo/data/rawdata_fastq_symbolic/1002336044	1002336056	/BiO/scratch/users/minhak/hyunwoo/data/rawdata_fastq_symbolic/1002336056	1002336068	/BiO/scratch/users/minhak/hyunwoo/data/rawdata_fastq_symbolic/1002336068
1002336602	/BiO/scratch/users/minhak/hyunwoo/data/rawdata_fastq_symbolic/1002336602	1002336590	/BiO/scratch/users/minhak/hyunwoo/data/rawdata_fastq_symbolic/1002336590	1002336577	/BiO/scratch/users/minhak/hyunwoo/data/rawdata_fastq_symbolic/1002336577
1002336602	/BiO/scratch/users/minhak/hyunwoo/data/rawdata_fastq_symbolic/1002336602	1002336590	/BiO/scratch/users/minhak/hyunwoo/data/rawdata_fastq_symbolic/1002336590	1002336600	/BiO/scratch/users/minhak/hyunwoo/data/rawdata_fastq_symbolic/1002336600
1002338880	/BiO/scratch/users/minhak/hyunwoo/data/rawdata_fastq_symbolic/1002338880	1002338892	/BiO/scratch/users/minhak/hyunwoo/data/rawdata_fastq_symbolic/1002338892	1002338868	/BiO/scratch/users/minhak/hyunwoo/data/rawdata_fastq_symbolic/1002338868
1002338880	/BiO/scratch/users/minhak/hyunwoo/data/rawdata_fastq_symbolic/1002338880	1002338892	/BiO/scratch/users/minhak/hyunwoo/data/rawdata_fastq_symbolic/1002338892	1002338904	/BiO/scratch/users/minhak/hyunwoo/data/rawdata_fastq_symbolic/1002338904
1002338833	/BiO/scratch/users/minhak/hyunwoo/data/rawdata_fastq_symbolic/1002338833	1002345631	/BiO/scratch/users/minhak/hyunwoo/data/rawdata_fastq_symbolic/1002345631	1002345619	/BiO/scratch/users/minhak/hyunwoo/data/rawdata_fastq_symbolic/1002345619
1002338833	/BiO/scratch/users/minhak/hyunwoo/data/rawdata_fastq_symbolic/1002338833	1002345631	/BiO/scratch/users/minhak/hyunwoo/data/rawdata_fastq_symbolic/1002345631	1002345548	/BiO/scratch/users/minhak/hyunwoo/data/rawdata_fastq_symbolic/1002345548
4063975016	/BiO/scratch/users/minhak/hyunwoo/data/rawdata_fastq_symbolic/4063975016	4054637339	/BiO/scratch/users/minhak/hyunwoo/data/rawdata_fastq_symbolic/4054637339	4054637422	/BiO/scratch/users/minhak/hyunwoo/data/rawdata_fastq_symbolic/4054637422
4063975016	/BiO/scratch/users/minhak/hyunwoo/data/rawdata_fastq_symbolic/4063975016	4054637339	/BiO/scratch/users/minhak/hyunwoo/data/rawdata_fastq_symbolic/4054637339	4054637351	/BiO/scratch/users/minhak/hyunwoo/data/rawdata_fastq_symbolic/4054637351
4054638115	/BiO/scratch/users/minhak/hyunwoo/data/rawdata_fastq_symbolic/4054638115	4054638127	/BiO/scratch/users/minhak/hyunwoo/data/rawdata_fastq_symbolic/4054638127	4054638103	/BiO/scratch/users/minhak/hyunwoo/data/rawdata_fastq_symbolic/4054638103
4054638115	/BiO/scratch/users/minhak/hyunwoo/data/rawdata_fastq_symbolic/4054638115	4054638127	/BiO/scratch/users/minhak/hyunwoo/data/rawdata_fastq_symbolic/4054638127	4054638139	/BiO/scratch/users/minhak/hyunwoo/data/rawdata_fastq_symbolic/4054638139
4054649101	/BiO/scratch/users/minhak/hyunwoo/data/rawdata_fastq_symbolic/4054649101	4054649113	/BiO/scratch/users/minhak/hyunwoo/data/rawdata_fastq_symbolic/4054649113	4054649089	/BiO/scratch/users/minhak/hyunwoo/data/rawdata_fastq_symbolic/4054649089
4054649101	/BiO/scratch/users/minhak/hyunwoo/data/rawdata_fastq_symbolic/4054649101	4054649113	/BiO/scratch/users/minhak/hyunwoo/data/rawdata_fastq_symbolic/4054649113	4054649125	/BiO/scratch/users/minhak/hyunwoo/data/rawdata_fastq_symbolic/4054649125
4054649123	/BiO/scratch/users/minhak/hyunwoo/data/rawdata_fastq_symbolic/4054649123	4054660444	/BiO/scratch/users/minhak/hyunwoo/data/rawdata_fastq_symbolic/4054660444	4054649111	/BiO/scratch/users/minhak/hyunwoo/data/rawdata_fastq_symbolic/4054649111
4054649123	/BiO/scratch/users/minhak/hyunwoo/data/rawdata_fastq_symbolic/4054649123	4054660444	/BiO/scratch/users/minhak/hyunwoo/data/rawdata_fastq_symbolic/4054660444	4054777165	/BiO/scratch/users/minhak/hyunwoo/data/rawdata_fastq_symbolic/4054777165
4054660008	/BiO/scratch/users/minhak/hyunwoo/data/rawdata_fastq_symbolic/4054660008	4054660032	/BiO/scratch/users/minhak/hyunwoo/data/rawdata_fastq_symbolic/4054660032	4054660020	/BiO/scratch/users/minhak/hyunwoo/data/rawdata_fastq_symbolic/4054660020
4054660008	/BiO/scratch/users/minhak/hyunwoo/data/rawdata_fastq_symbolic/4054660008	4054660032	/BiO/scratch/users/minhak/hyunwoo/data/rawdata_fastq_symbolic/4054660032	4054660044	/BiO/scratch/users/minhak/hyunwoo/data/rawdata_fastq_symbolic/4054660044
4054649124	/BiO/scratch/users/minhak/hyunwoo/data/rawdata_fastq_symbolic/4054649124	4054660153	/BiO/scratch/users/minhak/hyunwoo/data/rawdata_fastq_symbolic/4054660153	4054660141	/BiO/scratch/users/minhak/hyunwoo/data/rawdata_fastq_symbolic/4054660141
4054649124	/BiO/scratch/users/minhak/hyunwoo/data/rawdata_fastq_symbolic/4054649124	4054660153	/BiO/scratch/users/minhak/hyunwoo/data/rawdata_fastq_symbolic/4054660153	4054660165	/BiO/scratch/users/minhak/hyunwoo/data/rawdata_fastq_symbolic/4054660165
4054660094	/BiO/scratch/users/minhak/hyunwoo/data/rawdata_fastq_symbolic/4054660094	4054660106	/BiO/scratch/users/minhak/hyunwoo/data/rawdata_fastq_symbolic/4054660106	4054660177	/BiO/scratch/users/minhak/hyunwoo/data/rawdata_fastq_symbolic/4054660177
4054660094	/BiO/scratch/users/minhak/hyunwoo/data/rawdata_fastq_symbolic/4054660094	4054660106	/BiO/scratch/users/minhak/hyunwoo/data/rawdata_fastq_symbolic/4054660106	4054660118	/BiO/scratch/users/minhak/hyunwoo/data/rawdata_fastq_symbolic/4054660118
4054660212	/BiO/scratch/users/minhak/hyunwoo/data/rawdata_fastq_symbolic/4054660212	4054660224	/BiO/scratch/users/minhak/hyunwoo/data/rawdata_fastq_symbolic/4054660224	4054660200	/BiO/scratch/users/minhak/hyunwoo/data/rawdata_fastq_symbolic/4054660200
4054660212	/BiO/scratch/users/minhak/hyunwoo/data/rawdata_fastq_symbolic/4054660212	4054660224	/BiO/scratch/users/minhak/hyunwoo/data/rawdata_fastq_symbolic/4054660224	4055202440	/BiO/scratch/users/minhak/hyunwoo/data/rawdata_fastq_symbolic/4055202440
4054669137	/BiO/scratch/users/minhak/hyunwoo/data/rawdata_fastq_symbolic/4054669137	4054669149	/BiO/scratch/users/minhak/hyunwoo/data/rawdata_fastq_symbolic/4054669149	4054669125	/BiO/scratch/users/minhak/hyunwoo/data/rawdata_fastq_symbolic/4054669125
4054669137	/BiO/scratch/users/minhak/hyunwoo/data/rawdata_fastq_symbolic/4054669137	4054669149	/BiO/scratch/users/minhak/hyunwoo/data/rawdata_fastq_symbolic/4054669149	4054669161	/BiO/scratch/users/minhak/hyunwoo/data/rawdata_fastq_symbolic/4054669161
4054634752	/BiO/scratch/users/minhak/hyunwoo/data/rawdata_fastq_symbolic/4054634752	4054669154	/BiO/scratch/users/minhak/hyunwoo/data/rawdata_fastq_symbolic/4054669154	4054669142	/BiO/scratch/users/minhak/hyunwoo/data/rawdata_fastq_symbolic/4054669142
4054634752	/BiO/scratch/users/minhak/hyunwoo/data/rawdata_fastq_symbolic/4054634752	4054669154	/BiO/scratch/users/minhak/hyunwoo/data/rawdata_fastq_symbolic/4054669154	4054669166	/BiO/scratch/users/minhak/hyunwoo/data/rawdata_fastq_symbolic/4054669166
4054669700	/BiO/scratch/users/minhak/hyunwoo/data/rawdata_fastq_symbolic/4054669700	4054669712	/BiO/scratch/users/minhak/hyunwoo/data/rawdata_fastq_symbolic/4054669712	4054669688	/BiO/scratch/users/minhak/hyunwoo/data/rawdata_fastq_symbolic/4054669688
4054669700	/BiO/scratch/users/minhak/hyunwoo/data/rawdata_fastq_symbolic/4054669700	4054669712	/BiO/scratch/users/minhak/hyunwoo/data/rawdata_fastq_symbolic/4054669712	4054669724	/BiO/scratch/users/minhak/hyunwoo/data/rawdata_fastq_symbolic/4054669724
4054669697	/BiO/scratch/users/minhak/hyunwoo/data/rawdata_fastq_symbolic/4054669697	4054669744	/BiO/scratch/users/minhak/hyunwoo/data/rawdata_fastq_symbolic/4054669744	4054669732	/BiO/scratch/users/minhak/hyunwoo/data/rawdata_fastq_symbolic/4054669732
4054669697	/BiO/scratch/users/minhak/hyunwoo/data/rawdata_fastq_symbolic/4054669697	4054669744	/BiO/scratch/users/minhak/hyunwoo/data/rawdata_fastq_symbolic/4054669744	4054649972	/BiO/scratch/users/minhak/hyunwoo/data/rawdata_fastq_symbolic/4054649972
4054671374	/BiO/scratch/users/minhak/hyunwoo/data/rawdata_fastq_symbolic/4054671374	4054671322	/BiO/scratch/users/minhak/hyunwoo/data/rawdata_fastq_symbolic/4054671322	4054671405	/BiO/scratch/users/minhak/hyunwoo/data/rawdata_fastq_symbolic/4054671405
4054671374	/BiO/scratch/users/minhak/hyunwoo/data/rawdata_fastq_symbolic/4054671374	4054671322	/BiO/scratch/users/minhak/hyunwoo/data/rawdata_fastq_symbolic/4054671322	4054671334	/BiO/scratch/users/minhak/hyunwoo/data/rawdata_fastq_symbolic/4054671334
4054754195	/BiO/scratch/users/minhak/hyunwoo/data/rawdata_fastq_symbolic/4054754195	4054754183	/BiO/scratch/users/minhak/hyunwoo/data/rawdata_fastq_symbolic/4054754183	4054754171	/BiO/scratch/users/minhak/hyunwoo/data/rawdata_fastq_symbolic/4054754171
4054754195	/BiO/scratch/users/minhak/hyunwoo/data/rawdata_fastq_symbolic/4054754195	4054754183	/BiO/scratch/users/minhak/hyunwoo/data/rawdata_fastq_symbolic/4054754183	1002322961	/BiO/scratch/users/minhak/hyunwoo/data/rawdata_fastq_symbolic/1002322961
4054754229	/BiO/scratch/users/minhak/hyunwoo/data/rawdata_fastq_symbolic/4054754229	4054754241	/BiO/scratch/users/minhak/hyunwoo/data/rawdata_fastq_symbolic/4054754241	4054754217	/BiO/scratch/users/minhak/hyunwoo/data/rawdata_fastq_symbolic/4054754217
4054754229	/BiO/scratch/users/minhak/hyunwoo/data/rawdata_fastq_symbolic/4054754229	4054754241	/BiO/scratch/users/minhak/hyunwoo/data/rawdata_fastq_symbolic/4054754241	4054754253	/BiO/scratch/users/minhak/hyunwoo/data/rawdata_fastq_symbolic/4054754253
4054754232	/BiO/scratch/users/minhak/hyunwoo/data/rawdata_fastq_symbolic/4054754232	4054754244	/BiO/scratch/users/minhak/hyunwoo/data/rawdata_fastq_symbolic/4054754244	4054754220	/BiO/scratch/users/minhak/hyunwoo/data/rawdata_fastq_symbolic/4054754220
4054754232	/BiO/scratch/users/minhak/hyunwoo/data/rawdata_fastq_symbolic/4054754232	4054754244	/BiO/scratch/users/minhak/hyunwoo/data/rawdata_fastq_symbolic/4054754244	4054754256	/BiO/scratch/users/minhak/hyunwoo/data/rawdata_fastq_symbolic/4054754256
4054756602	/BiO/scratch/users/minhak/hyunwoo/data/rawdata_fastq_symbolic/4054756602	4054756614	/BiO/scratch/users/minhak/hyunwoo/data/rawdata_fastq_symbolic/4054756614	4054756590	/BiO/scratch/users/minhak/hyunwoo/data/rawdata_fastq_symbolic/4054756590
4054756602	/BiO/scratch/users/minhak/hyunwoo/data/rawdata_fastq_symbolic/4054756602	4054756614	/BiO/scratch/users/minhak/hyunwoo/data/rawdata_fastq_symbolic/4054756614	4054756626	/BiO/scratch/users/minhak/hyunwoo/data/rawdata_fastq_symbolic/4054756626
4054757051	/BiO/scratch/users/minhak/hyunwoo/data/rawdata_fastq_symbolic/4054757051	4054757063	/BiO/scratch/users/minhak/hyunwoo/data/rawdata_fastq_symbolic/4054757063	4054757134	/BiO/scratch/users/minhak/hyunwoo/data/rawdata_fastq_symbolic/4054757134
4054757051	/BiO/scratch/users/minhak/hyunwoo/data/rawdata_fastq_symbolic/4054757051	4054757063	/BiO/scratch/users/minhak/hyunwoo/data/rawdata_fastq_symbolic/4054757063	4055202452	/BiO/scratch/users/minhak/hyunwoo/data/rawdata_fastq_symbolic/4055202452
4054757312	/BiO/scratch/users/minhak/hyunwoo/data/rawdata_fastq_symbolic/4054757312	4054757324	/BiO/scratch/users/minhak/hyunwoo/data/rawdata_fastq_symbolic/4054757324	4054757300	/BiO/scratch/users/minhak/hyunwoo/data/rawdata_fastq_symbolic/4054757300
4054757312	/BiO/scratch/users/minhak/hyunwoo/data/rawdata_fastq_symbolic/4054757312	4054757324	/BiO/scratch/users/minhak/hyunwoo/data/rawdata_fastq_symbolic/4054757324	4054757241	/BiO/scratch/users/minhak/hyunwoo/data/rawdata_fastq_symbolic/4054757241
4054757254	/BiO/scratch/users/minhak/hyunwoo/data/rawdata_fastq_symbolic/4054757254	4054757266	/BiO/scratch/users/minhak/hyunwoo/data/rawdata_fastq_symbolic/4054757266	4054757325	/BiO/scratch/users/minhak/hyunwoo/data/rawdata_fastq_symbolic/4054757325
4054757254	/BiO/scratch/users/minhak/hyunwoo/data/rawdata_fastq_symbolic/4054757254	4054757266	/BiO/scratch/users/minhak/hyunwoo/data/rawdata_fastq_symbolic/4054757266	4054757242	/BiO/scratch/users/minhak/hyunwoo/data/rawdata_fastq_symbolic/4054757242
4054759584	/BiO/scratch/users/minhak/hyunwoo/data/rawdata_fastq_symbolic/4054759584	4054759596	/BiO/scratch/users/minhak/hyunwoo/data/rawdata_fastq_symbolic/4054759596	4054759572	/BiO/scratch/users/minhak/hyunwoo/data/rawdata_fastq_symbolic/4054759572
4054759584	/BiO/scratch/users/minhak/hyunwoo/data/rawdata_fastq_symbolic/4054759584	4054759596	/BiO/scratch/users/minhak/hyunwoo/data/rawdata_fastq_symbolic/4054759596	4054759608	/BiO/scratch/users/minhak/hyunwoo/data/rawdata_fastq_symbolic/4054759608
4054762641	/BiO/scratch/users/minhak/hyunwoo/data/rawdata_fastq_symbolic/4054762641	4054762653	/BiO/scratch/users/minhak/hyunwoo/data/rawdata_fastq_symbolic/4054762653	4054762629	/BiO/scratch/users/minhak/hyunwoo/data/rawdata_fastq_symbolic/4054762629
4054762641	/BiO/scratch/users/minhak/hyunwoo/data/rawdata_fastq_symbolic/4054762641	4054762653	/BiO/scratch/users/minhak/hyunwoo/data/rawdata_fastq_symbolic/4054762653	4054762665	/BiO/scratch/users/minhak/hyunwoo/data/rawdata_fastq_symbolic/4054762665
4054762682	/BiO/scratch/users/minhak/hyunwoo/data/rawdata_fastq_symbolic/4054762682	4054762694	/BiO/scratch/users/minhak/hyunwoo/data/rawdata_fastq_symbolic/4054762694	4054762670	/BiO/scratch/users/minhak/hyunwoo/data/rawdata_fastq_symbolic/4054762670
4054762682	/BiO/scratch/users/minhak/hyunwoo/data/rawdata_fastq_symbolic/4054762682	4054762694	/BiO/scratch/users/minhak/hyunwoo/data/rawdata_fastq_symbolic/4054762694	4054762706	/BiO/scratch/users/minhak/hyunwoo/data/rawdata_fastq_symbolic/4054762706
4054762685	/BiO/scratch/users/minhak/hyunwoo/data/rawdata_fastq_symbolic/4054762685	4054762697	/BiO/scratch/users/minhak/hyunwoo/data/rawdata_fastq_symbolic/4054762697	4054762673	/BiO/scratch/users/minhak/hyunwoo/data/rawdata_fastq_symbolic/4054762673
4054762685	/BiO/scratch/users/minhak/hyunwoo/data/rawdata_fastq_symbolic/4054762685	4054762697	/BiO/scratch/users/minhak/hyunwoo/data/rawdata_fastq_symbolic/4054762697	4054762614	/BiO/scratch/users/minhak/hyunwoo/data/rawdata_fastq_symbolic/4054762614
4054766336	/BiO/scratch/users/minhak/hyunwoo/data/rawdata_fastq_symbolic/4054766336	4054661677	/BiO/scratch/users/minhak/hyunwoo/data/rawdata_fastq_symbolic/4054661677	4054766324	/BiO/scratch/users/minhak/hyunwoo/data/rawdata_fastq_symbolic/4054766324
4054766336	/BiO/scratch/users/minhak/hyunwoo/data/rawdata_fastq_symbolic/4054766336	4054661677	/BiO/scratch/users/minhak/hyunwoo/data/rawdata_fastq_symbolic/4054661677	4054766348	/BiO/scratch/users/minhak/hyunwoo/data/rawdata_fastq_symbolic/4054766348
4054772375	/BiO/scratch/users/minhak/hyunwoo/data/rawdata_fastq_symbolic/4054772375	4054772387	/BiO/scratch/users/minhak/hyunwoo/data/rawdata_fastq_symbolic/4054772387	4054772363	/BiO/scratch/users/minhak/hyunwoo/data/rawdata_fastq_symbolic/4054772363
4054772375	/BiO/scratch/users/minhak/hyunwoo/data/rawdata_fastq_symbolic/4054772375	4054772387	/BiO/scratch/users/minhak/hyunwoo/data/rawdata_fastq_symbolic/4054772387	4054772399	/BiO/scratch/users/minhak/hyunwoo/data/rawdata_fastq_symbolic/4054772399
4054772394	/BiO/scratch/users/minhak/hyunwoo/data/rawdata_fastq_symbolic/4054772394	4054772311	/BiO/scratch/users/minhak/hyunwoo/data/rawdata_fastq_symbolic/4054772311	4054772382	/BiO/scratch/users/minhak/hyunwoo/data/rawdata_fastq_symbolic/4054772382
4054772394	/BiO/scratch/users/minhak/hyunwoo/data/rawdata_fastq_symbolic/4054772394	4054772311	/BiO/scratch/users/minhak/hyunwoo/data/rawdata_fastq_symbolic/4054772311	1002322905	/BiO/scratch/users/minhak/hyunwoo/data/rawdata_fastq_symbolic/1002322905
4054773896	/BiO/scratch/users/minhak/hyunwoo/data/rawdata_fastq_symbolic/4054773896	4054773908	/BiO/scratch/users/minhak/hyunwoo/data/rawdata_fastq_symbolic/4054773908	4054773884	/BiO/scratch/users/minhak/hyunwoo/data/rawdata_fastq_symbolic/4054773884
4054773896	/BiO/scratch/users/minhak/hyunwoo/data/rawdata_fastq_symbolic/4054773896	4054773908	/BiO/scratch/users/minhak/hyunwoo/data/rawdata_fastq_symbolic/4054773908	4054773920	/BiO/scratch/users/minhak/hyunwoo/data/rawdata_fastq_symbolic/4054773920
4054774772	/BiO/scratch/users/minhak/hyunwoo/data/rawdata_fastq_symbolic/4054774772	4054774748	/BiO/scratch/users/minhak/hyunwoo/data/rawdata_fastq_symbolic/4054774748	4054774736	/BiO/scratch/users/minhak/hyunwoo/data/rawdata_fastq_symbolic/4054774736
4054774772	/BiO/scratch/users/minhak/hyunwoo/data/rawdata_fastq_symbolic/4054774772	4054774748	/BiO/scratch/users/minhak/hyunwoo/data/rawdata_fastq_symbolic/4054774748	4054774760	/BiO/scratch/users/minhak/hyunwoo/data/rawdata_fastq_symbolic/4054774760
4054777147	/BiO/scratch/users/minhak/hyunwoo/data/rawdata_fastq_symbolic/4054777147	4054777159	/BiO/scratch/users/minhak/hyunwoo/data/rawdata_fastq_symbolic/4054777159	4054777135	/BiO/scratch/users/minhak/hyunwoo/data/rawdata_fastq_symbolic/4054777135
4054777147	/BiO/scratch/users/minhak/hyunwoo/data/rawdata_fastq_symbolic/4054777147	4054777159	/BiO/scratch/users/minhak/hyunwoo/data/rawdata_fastq_symbolic/4054777159	4054777171	/BiO/scratch/users/minhak/hyunwoo/data/rawdata_fastq_symbolic/4054777171
4055197009	/BiO/scratch/users/minhak/hyunwoo/data/rawdata_fastq_symbolic/4055197009	4055197021	/BiO/scratch/users/minhak/hyunwoo/data/rawdata_fastq_symbolic/4055197021	4055196997	/BiO/scratch/users/minhak/hyunwoo/data/rawdata_fastq_symbolic/4055196997
4055197009	/BiO/scratch/users/minhak/hyunwoo/data/rawdata_fastq_symbolic/4055197009	4055197021	/BiO/scratch/users/minhak/hyunwoo/data/rawdata_fastq_symbolic/4055197021	4055197033	/BiO/scratch/users/minhak/hyunwoo/data/rawdata_fastq_symbolic/4055197033
1002338883	/BiO/scratch/users/minhak/hyunwoo/data/rawdata_fastq_symbolic/1002338883	4055197801	/BiO/scratch/users/minhak/hyunwoo/data/rawdata_fastq_symbolic/4055197801	4055197789	/BiO/scratch/users/minhak/hyunwoo/data/rawdata_fastq_symbolic/4055197789
1002338883	/BiO/scratch/users/minhak/hyunwoo/data/rawdata_fastq_symbolic/1002338883	4055197801	/BiO/scratch/users/minhak/hyunwoo/data/rawdata_fastq_symbolic/4055197801	1002338871	/BiO/scratch/users/minhak/hyunwoo/data/rawdata_fastq_symbolic/1002338871
4055215539	/BiO/scratch/users/minhak/hyunwoo/data/rawdata_fastq_symbolic/4055215539	4055215131	/BiO/scratch/users/minhak/hyunwoo/data/rawdata_fastq_symbolic/4055215131	4055215527	/BiO/scratch/users/minhak/hyunwoo/data/rawdata_fastq_symbolic/4055215527
4055215539	/BiO/scratch/users/minhak/hyunwoo/data/rawdata_fastq_symbolic/4055215539	4055215131	/BiO/scratch/users/minhak/hyunwoo/data/rawdata_fastq_symbolic/4055215131	4055215563	/BiO/scratch/users/minhak/hyunwoo/data/rawdata_fastq_symbolic/4055215563
4055215545	/BiO/scratch/users/minhak/hyunwoo/data/rawdata_fastq_symbolic/4055215545	4055215557	/BiO/scratch/users/minhak/hyunwoo/data/rawdata_fastq_symbolic/4055215557	4055215533	/BiO/scratch/users/minhak/hyunwoo/data/rawdata_fastq_symbolic/4055215533
4055215545	/BiO/scratch/users/minhak/hyunwoo/data/rawdata_fastq_symbolic/4055215545	4055215557	/BiO/scratch/users/minhak/hyunwoo/data/rawdata_fastq_symbolic/4055215557	4055215474	/BiO/scratch/users/minhak/hyunwoo/data/rawdata_fastq_symbolic/4055215474
4057900451	/BiO/scratch/users/minhak/hyunwoo/data/rawdata_fastq_symbolic/4057900451	4057900463	/BiO/scratch/users/minhak/hyunwoo/data/rawdata_fastq_symbolic/4057900463	4057900439	/BiO/scratch/users/minhak/hyunwoo/data/rawdata_fastq_symbolic/4057900439
4057900451	/BiO/scratch/users/minhak/hyunwoo/data/rawdata_fastq_symbolic/4057900451	4057900463	/BiO/scratch/users/minhak/hyunwoo/data/rawdata_fastq_symbolic/4057900463	4057900475	/BiO/scratch/users/minhak/hyunwoo/data/rawdata_fastq_symbolic/4057900475
4065802962	/BiO/scratch/users/minhak/hyunwoo/data/rawdata_fastq_symbolic/4065802962	4065802974	/BiO/scratch/users/minhak/hyunwoo/data/rawdata_fastq_symbolic/4065802974	4057900510	/BiO/scratch/users/minhak/hyunwoo/data/rawdata_fastq_symbolic/4057900510
4065802962	/BiO/scratch/users/minhak/hyunwoo/data/rawdata_fastq_symbolic/4065802962	4065802974	/BiO/scratch/users/minhak/hyunwoo/data/rawdata_fastq_symbolic/4065802974	4057900427	/BiO/scratch/users/minhak/hyunwoo/data/rawdata_fastq_symbolic/4057900427
4057900937	/BiO/scratch/users/minhak/hyunwoo/data/rawdata_fastq_symbolic/4057900937	4057900949	/BiO/scratch/users/minhak/hyunwoo/data/rawdata_fastq_symbolic/4057900949	4057900925	/BiO/scratch/users/minhak/hyunwoo/data/rawdata_fastq_symbolic/4057900925
4057900937	/BiO/scratch/users/minhak/hyunwoo/data/rawdata_fastq_symbolic/4057900937	4057900949	/BiO/scratch/users/minhak/hyunwoo/data/rawdata_fastq_symbolic/4057900949	4065800356	/BiO/scratch/users/minhak/hyunwoo/data/rawdata_fastq_symbolic/4065800356
4065802934	/BiO/scratch/users/minhak/hyunwoo/data/rawdata_fastq_symbolic/4065802934	4065802946	/BiO/scratch/users/minhak/hyunwoo/data/rawdata_fastq_symbolic/4065802946	4063965250	/BiO/scratch/users/minhak/hyunwoo/data/rawdata_fastq_symbolic/4063965250
4065802934	/BiO/scratch/users/minhak/hyunwoo/data/rawdata_fastq_symbolic/4065802934	4065802946	/BiO/scratch/users/minhak/hyunwoo/data/rawdata_fastq_symbolic/4065802946	4065802958	/BiO/scratch/users/minhak/hyunwoo/data/rawdata_fastq_symbolic/4065802958
4063965263	/BiO/scratch/users/minhak/hyunwoo/data/rawdata_fastq_symbolic/4063965263	4063965253	/BiO/scratch/users/minhak/hyunwoo/data/rawdata_fastq_symbolic/4063965253	4063965252	/BiO/scratch/users/minhak/hyunwoo/data/rawdata_fastq_symbolic/4063965252
4063965263	/BiO/scratch/users/minhak/hyunwoo/data/rawdata_fastq_symbolic/4063965263	4063965253	/BiO/scratch/users/minhak/hyunwoo/data/rawdata_fastq_symbolic/4063965253	4065810450	/BiO/scratch/users/minhak/hyunwoo/data/rawdata_fastq_symbolic/4065810450
4063969222	/BiO/scratch/users/minhak/hyunwoo/data/rawdata_fastq_symbolic/4063969222	4063969234	/BiO/scratch/users/minhak/hyunwoo/data/rawdata_fastq_symbolic/4063969234	4063969210	/BiO/scratch/users/minhak/hyunwoo/data/rawdata_fastq_symbolic/4063969210
4063969222	/BiO/scratch/users/minhak/hyunwoo/data/rawdata_fastq_symbolic/4063969222	4063969234	/BiO/scratch/users/minhak/hyunwoo/data/rawdata_fastq_symbolic/4063969234	4063969246	/BiO/scratch/users/minhak/hyunwoo/data/rawdata_fastq_symbolic/4063969246
4063974807	/BiO/scratch/users/minhak/hyunwoo/data/rawdata_fastq_symbolic/4063974807	4063974759	/BiO/scratch/users/minhak/hyunwoo/data/rawdata_fastq_symbolic/4063974759	4063972586	/BiO/scratch/users/minhak/hyunwoo/data/rawdata_fastq_symbolic/4063972586
4063974807	/BiO/scratch/users/minhak/hyunwoo/data/rawdata_fastq_symbolic/4063974807	4063974759	/BiO/scratch/users/minhak/hyunwoo/data/rawdata_fastq_symbolic/4063974759	4063972574	/BiO/scratch/users/minhak/hyunwoo/data/rawdata_fastq_symbolic/4063972574
4063974956	/BiO/scratch/users/minhak/hyunwoo/data/rawdata_fastq_symbolic/4063974956	4063974968	/BiO/scratch/users/minhak/hyunwoo/data/rawdata_fastq_symbolic/4063974968	4063974944	/BiO/scratch/users/minhak/hyunwoo/data/rawdata_fastq_symbolic/4063974944
4063974956	/BiO/scratch/users/minhak/hyunwoo/data/rawdata_fastq_symbolic/4063974956	4063974968	/BiO/scratch/users/minhak/hyunwoo/data/rawdata_fastq_symbolic/4063974968	4065810959	/BiO/scratch/users/minhak/hyunwoo/data/rawdata_fastq_symbolic/4065810959
4063979663	/BiO/scratch/users/minhak/hyunwoo/data/rawdata_fastq_symbolic/4063979663	4063979675	/BiO/scratch/users/minhak/hyunwoo/data/rawdata_fastq_symbolic/4063979675	4063979651	/BiO/scratch/users/minhak/hyunwoo/data/rawdata_fastq_symbolic/4063979651
4063979663	/BiO/scratch/users/minhak/hyunwoo/data/rawdata_fastq_symbolic/4063979663	4063979675	/BiO/scratch/users/minhak/hyunwoo/data/rawdata_fastq_symbolic/4063979675	4063979687	/BiO/scratch/users/minhak/hyunwoo/data/rawdata_fastq_symbolic/4063979687
4069326826	/BiO/scratch/users/minhak/hyunwoo/data/rawdata_fastq_symbolic/4069326826	4069335945	/BiO/scratch/users/minhak/hyunwoo/data/rawdata_fastq_symbolic/4069335945	4063979726	/BiO/scratch/users/minhak/hyunwoo/data/rawdata_fastq_symbolic/4063979726
4069326826	/BiO/scratch/users/minhak/hyunwoo/data/rawdata_fastq_symbolic/4069326826	4069335945	/BiO/scratch/users/minhak/hyunwoo/data/rawdata_fastq_symbolic/4069335945	4063979738	/BiO/scratch/users/minhak/hyunwoo/data/rawdata_fastq_symbolic/4063979738
4065780648	/BiO/scratch/users/minhak/hyunwoo/data/rawdata_fastq_symbolic/4065780648	4065780660	/BiO/scratch/users/minhak/hyunwoo/data/rawdata_fastq_symbolic/4065780660	4065780636	/BiO/scratch/users/minhak/hyunwoo/data/rawdata_fastq_symbolic/4065780636
4065780648	/BiO/scratch/users/minhak/hyunwoo/data/rawdata_fastq_symbolic/4065780648	4065780660	/BiO/scratch/users/minhak/hyunwoo/data/rawdata_fastq_symbolic/4065780660	4065810946	/BiO/scratch/users/minhak/hyunwoo/data/rawdata_fastq_symbolic/4065810946
4065782580	/BiO/scratch/users/minhak/hyunwoo/data/rawdata_fastq_symbolic/4065782580	4065782604	/BiO/scratch/users/minhak/hyunwoo/data/rawdata_fastq_symbolic/4065782604	4065782568	/BiO/scratch/users/minhak/hyunwoo/data/rawdata_fastq_symbolic/4065782568
4065782580	/BiO/scratch/users/minhak/hyunwoo/data/rawdata_fastq_symbolic/4065782580	4065782604	/BiO/scratch/users/minhak/hyunwoo/data/rawdata_fastq_symbolic/4065782604	4065782592	/BiO/scratch/users/minhak/hyunwoo/data/rawdata_fastq_symbolic/4065782592
4069331667	/BiO/scratch/users/minhak/hyunwoo/data/rawdata_fastq_symbolic/4069331667	4069334931	/BiO/scratch/users/minhak/hyunwoo/data/rawdata_fastq_symbolic/4069334931	4065785474	/BiO/scratch/users/minhak/hyunwoo/data/rawdata_fastq_symbolic/4065785474
4069331667	/BiO/scratch/users/minhak/hyunwoo/data/rawdata_fastq_symbolic/4069331667	4069334931	/BiO/scratch/users/minhak/hyunwoo/data/rawdata_fastq_symbolic/4069334931	4069331691	/BiO/scratch/users/minhak/hyunwoo/data/rawdata_fastq_symbolic/4069331691
4065788310	/BiO/scratch/users/minhak/hyunwoo/data/rawdata_fastq_symbolic/4065788310	4065788322	/BiO/scratch/users/minhak/hyunwoo/data/rawdata_fastq_symbolic/4065788322	4065788393	/BiO/scratch/users/minhak/hyunwoo/data/rawdata_fastq_symbolic/4065788393
4065788310	/BiO/scratch/users/minhak/hyunwoo/data/rawdata_fastq_symbolic/4065788310	4065788322	/BiO/scratch/users/minhak/hyunwoo/data/rawdata_fastq_symbolic/4065788322	4065788334	/BiO/scratch/users/minhak/hyunwoo/data/rawdata_fastq_symbolic/4065788334
4065795653	/BiO/scratch/users/minhak/hyunwoo/data/rawdata_fastq_symbolic/4065795653	4065795665	/BiO/scratch/users/minhak/hyunwoo/data/rawdata_fastq_symbolic/4065795665	4065795629	/BiO/scratch/users/minhak/hyunwoo/data/rawdata_fastq_symbolic/4065795629
4065795653	/BiO/scratch/users/minhak/hyunwoo/data/rawdata_fastq_symbolic/4065795653	4065795665	/BiO/scratch/users/minhak/hyunwoo/data/rawdata_fastq_symbolic/4065795665	4065795641	/BiO/scratch/users/minhak/hyunwoo/data/rawdata_fastq_symbolic/4065795641
4065796010	/BiO/scratch/users/minhak/hyunwoo/data/rawdata_fastq_symbolic/4065796010	4065796022	/BiO/scratch/users/minhak/hyunwoo/data/rawdata_fastq_symbolic/4065796022	4065795998	/BiO/scratch/users/minhak/hyunwoo/data/rawdata_fastq_symbolic/4065795998
4065796010	/BiO/scratch/users/minhak/hyunwoo/data/rawdata_fastq_symbolic/4065796010	4065796022	/BiO/scratch/users/minhak/hyunwoo/data/rawdata_fastq_symbolic/4065796022	4065796034	/BiO/scratch/users/minhak/hyunwoo/data/rawdata_fastq_symbolic/4065796034
4065797213	/BiO/scratch/users/minhak/hyunwoo/data/rawdata_fastq_symbolic/4065797213	4065797197	/BiO/scratch/users/minhak/hyunwoo/data/rawdata_fastq_symbolic/4065797197	4065798333	/BiO/scratch/users/minhak/hyunwoo/data/rawdata_fastq_symbolic/4065798333
4065797213	/BiO/scratch/users/minhak/hyunwoo/data/rawdata_fastq_symbolic/4065797213	4065797197	/BiO/scratch/users/minhak/hyunwoo/data/rawdata_fastq_symbolic/4065797197	4065797227	/BiO/scratch/users/minhak/hyunwoo/data/rawdata_fastq_symbolic/4065797227
4065798627	/BiO/scratch/users/minhak/hyunwoo/data/rawdata_fastq_symbolic/4065798627	4065798639	/BiO/scratch/users/minhak/hyunwoo/data/rawdata_fastq_symbolic/4065798639	4065798615	/BiO/scratch/users/minhak/hyunwoo/data/rawdata_fastq_symbolic/4065798615
4065798627	/BiO/scratch/users/minhak/hyunwoo/data/rawdata_fastq_symbolic/4065798627	4065798639	/BiO/scratch/users/minhak/hyunwoo/data/rawdata_fastq_symbolic/4065798639	4065798651	/BiO/scratch/users/minhak/hyunwoo/data/rawdata_fastq_symbolic/4065798651
4065797182	/BiO/scratch/users/minhak/hyunwoo/data/rawdata_fastq_symbolic/4065797182	4065797183	/BiO/scratch/users/minhak/hyunwoo/data/rawdata_fastq_symbolic/4065797183	4065799366	/BiO/scratch/users/minhak/hyunwoo/data/rawdata_fastq_symbolic/4065799366
4065797182	/BiO/scratch/users/minhak/hyunwoo/data/rawdata_fastq_symbolic/4065797182	4065797183	/BiO/scratch/users/minhak/hyunwoo/data/rawdata_fastq_symbolic/4065797183	4067228006	/BiO/scratch/users/minhak/hyunwoo/data/rawdata_fastq_symbolic/4067228006
4065800080	/BiO/scratch/users/minhak/hyunwoo/data/rawdata_fastq_symbolic/4065800080	4065800092	/BiO/scratch/users/minhak/hyunwoo/data/rawdata_fastq_symbolic/4065800092	4065800068	/BiO/scratch/users/minhak/hyunwoo/data/rawdata_fastq_symbolic/4065800068
4065800080	/BiO/scratch/users/minhak/hyunwoo/data/rawdata_fastq_symbolic/4065800080	4065800092	/BiO/scratch/users/minhak/hyunwoo/data/rawdata_fastq_symbolic/4065800092	4065800104	/BiO/scratch/users/minhak/hyunwoo/data/rawdata_fastq_symbolic/4065800104
4065800022	/BiO/scratch/users/minhak/hyunwoo/data/rawdata_fastq_symbolic/4065800022	4065800034	/BiO/scratch/users/minhak/hyunwoo/data/rawdata_fastq_symbolic/4065800034	4065800105	/BiO/scratch/users/minhak/hyunwoo/data/rawdata_fastq_symbolic/4065800105
4065800022	/BiO/scratch/users/minhak/hyunwoo/data/rawdata_fastq_symbolic/4065800022	4065800034	/BiO/scratch/users/minhak/hyunwoo/data/rawdata_fastq_symbolic/4065800034	4065800046	/BiO/scratch/users/minhak/hyunwoo/data/rawdata_fastq_symbolic/4065800046
4065796064	/BiO/scratch/users/minhak/hyunwoo/data/rawdata_fastq_symbolic/4065796064	4065796076	/BiO/scratch/users/minhak/hyunwoo/data/rawdata_fastq_symbolic/4065796076	4065800112	/BiO/scratch/users/minhak/hyunwoo/data/rawdata_fastq_symbolic/4065800112
4065796064	/BiO/scratch/users/minhak/hyunwoo/data/rawdata_fastq_symbolic/4065796064	4065796076	/BiO/scratch/users/minhak/hyunwoo/data/rawdata_fastq_symbolic/4065796076	4065795993	/BiO/scratch/users/minhak/hyunwoo/data/rawdata_fastq_symbolic/4065795993
4065782690	/BiO/scratch/users/minhak/hyunwoo/data/rawdata_fastq_symbolic/4065782690	4065796015	/BiO/scratch/users/minhak/hyunwoo/data/rawdata_fastq_symbolic/4065796015	4065800333	/BiO/scratch/users/minhak/hyunwoo/data/rawdata_fastq_symbolic/4065800333
4065782690	/BiO/scratch/users/minhak/hyunwoo/data/rawdata_fastq_symbolic/4065782690	4065796015	/BiO/scratch/users/minhak/hyunwoo/data/rawdata_fastq_symbolic/4065796015	4065782702	/BiO/scratch/users/minhak/hyunwoo/data/rawdata_fastq_symbolic/4065782702
4065802910	/BiO/scratch/users/minhak/hyunwoo/data/rawdata_fastq_symbolic/4065802910	4065802922	/BiO/scratch/users/minhak/hyunwoo/data/rawdata_fastq_symbolic/4065802922	4065801776	/BiO/scratch/users/minhak/hyunwoo/data/rawdata_fastq_symbolic/4065801776
4065802910	/BiO/scratch/users/minhak/hyunwoo/data/rawdata_fastq_symbolic/4065802910	4065802922	/BiO/scratch/users/minhak/hyunwoo/data/rawdata_fastq_symbolic/4065802922	4065802993	/BiO/scratch/users/minhak/hyunwoo/data/rawdata_fastq_symbolic/4065802993
4067058376	/BiO/scratch/users/minhak/hyunwoo/data/rawdata_fastq_symbolic/4067058376	4065801821	/BiO/scratch/users/minhak/hyunwoo/data/rawdata_fastq_symbolic/4065801821	4065801809	/BiO/scratch/users/minhak/hyunwoo/data/rawdata_fastq_symbolic/4065801809
4067058376	/BiO/scratch/users/minhak/hyunwoo/data/rawdata_fastq_symbolic/4067058376	4065801821	/BiO/scratch/users/minhak/hyunwoo/data/rawdata_fastq_symbolic/4065801821	4067058388	/BiO/scratch/users/minhak/hyunwoo/data/rawdata_fastq_symbolic/4067058388
4065802989	/BiO/scratch/users/minhak/hyunwoo/data/rawdata_fastq_symbolic/4065802989	4065802906	/BiO/scratch/users/minhak/hyunwoo/data/rawdata_fastq_symbolic/4065802906	4065802930	/BiO/scratch/users/minhak/hyunwoo/data/rawdata_fastq_symbolic/4065802930
4065802989	/BiO/scratch/users/minhak/hyunwoo/data/rawdata_fastq_symbolic/4065802989	4065802906	/BiO/scratch/users/minhak/hyunwoo/data/rawdata_fastq_symbolic/4065802906	4065802918	/BiO/scratch/users/minhak/hyunwoo/data/rawdata_fastq_symbolic/4065802918
4065802944	/BiO/scratch/users/minhak/hyunwoo/data/rawdata_fastq_symbolic/4065802944	4065802956	/BiO/scratch/users/minhak/hyunwoo/data/rawdata_fastq_symbolic/4065802956	4065802932	/BiO/scratch/users/minhak/hyunwoo/data/rawdata_fastq_symbolic/4065802932
4065802944	/BiO/scratch/users/minhak/hyunwoo/data/rawdata_fastq_symbolic/4065802944	4065802956	/BiO/scratch/users/minhak/hyunwoo/data/rawdata_fastq_symbolic/4065802956	4065802968	/BiO/scratch/users/minhak/hyunwoo/data/rawdata_fastq_symbolic/4065802968
4065782599	/BiO/scratch/users/minhak/hyunwoo/data/rawdata_fastq_symbolic/4065782599	4065782611	/BiO/scratch/users/minhak/hyunwoo/data/rawdata_fastq_symbolic/4065782611	4065802967	/BiO/scratch/users/minhak/hyunwoo/data/rawdata_fastq_symbolic/4065802967
4065782599	/BiO/scratch/users/minhak/hyunwoo/data/rawdata_fastq_symbolic/4065782599	4065782611	/BiO/scratch/users/minhak/hyunwoo/data/rawdata_fastq_symbolic/4065782611	4065793741	/BiO/scratch/users/minhak/hyunwoo/data/rawdata_fastq_symbolic/4065793741
4065803155	/BiO/scratch/users/minhak/hyunwoo/data/rawdata_fastq_symbolic/4065803155	4065803179	/BiO/scratch/users/minhak/hyunwoo/data/rawdata_fastq_symbolic/4065803179	4065803167	/BiO/scratch/users/minhak/hyunwoo/data/rawdata_fastq_symbolic/4065803167
4065803155	/BiO/scratch/users/minhak/hyunwoo/data/rawdata_fastq_symbolic/4065803155	4065803179	/BiO/scratch/users/minhak/hyunwoo/data/rawdata_fastq_symbolic/4065803179	4065793740	/BiO/scratch/users/minhak/hyunwoo/data/rawdata_fastq_symbolic/4065793740
4065803972	/BiO/scratch/users/minhak/hyunwoo/data/rawdata_fastq_symbolic/4065803972	4067238710	/BiO/scratch/users/minhak/hyunwoo/data/rawdata_fastq_symbolic/4067238710	4065803998	/BiO/scratch/users/minhak/hyunwoo/data/rawdata_fastq_symbolic/4065803998
4065803972	/BiO/scratch/users/minhak/hyunwoo/data/rawdata_fastq_symbolic/4065803972	4067238710	/BiO/scratch/users/minhak/hyunwoo/data/rawdata_fastq_symbolic/4067238710	4067238722	/BiO/scratch/users/minhak/hyunwoo/data/rawdata_fastq_symbolic/4067238722
4065807302	/BiO/scratch/users/minhak/hyunwoo/data/rawdata_fastq_symbolic/4065807302	4065807314	/BiO/scratch/users/minhak/hyunwoo/data/rawdata_fastq_symbolic/4065807314	4065807290	/BiO/scratch/users/minhak/hyunwoo/data/rawdata_fastq_symbolic/4065807290
4065807302	/BiO/scratch/users/minhak/hyunwoo/data/rawdata_fastq_symbolic/4065807302	4065807314	/BiO/scratch/users/minhak/hyunwoo/data/rawdata_fastq_symbolic/4065807314	4065807231	/BiO/scratch/users/minhak/hyunwoo/data/rawdata_fastq_symbolic/4065807231
4065810962	/BiO/scratch/users/minhak/hyunwoo/data/rawdata_fastq_symbolic/4065810962	4065810879	/BiO/scratch/users/minhak/hyunwoo/data/rawdata_fastq_symbolic/4065810879	4065810950	/BiO/scratch/users/minhak/hyunwoo/data/rawdata_fastq_symbolic/4065810950
4065810962	/BiO/scratch/users/minhak/hyunwoo/data/rawdata_fastq_symbolic/4065810962	4065810879	/BiO/scratch/users/minhak/hyunwoo/data/rawdata_fastq_symbolic/4065810879	4065810891	/BiO/scratch/users/minhak/hyunwoo/data/rawdata_fastq_symbolic/4065810891
4067057067	/BiO/scratch/users/minhak/hyunwoo/data/rawdata_fastq_symbolic/4067057067	4067043981	/BiO/scratch/users/minhak/hyunwoo/data/rawdata_fastq_symbolic/4067043981	4067050357	/BiO/scratch/users/minhak/hyunwoo/data/rawdata_fastq_symbolic/4067050357
4067057067	/BiO/scratch/users/minhak/hyunwoo/data/rawdata_fastq_symbolic/4067057067	4067043981	/BiO/scratch/users/minhak/hyunwoo/data/rawdata_fastq_symbolic/4067043981	4067057079	/BiO/scratch/users/minhak/hyunwoo/data/rawdata_fastq_symbolic/4067057079
4067049578	/BiO/scratch/users/minhak/hyunwoo/data/rawdata_fastq_symbolic/4067049578	4067049518	/BiO/scratch/users/minhak/hyunwoo/data/rawdata_fastq_symbolic/4067049518	4067052831	/BiO/scratch/users/minhak/hyunwoo/data/rawdata_fastq_symbolic/4067052831
4067049578	/BiO/scratch/users/minhak/hyunwoo/data/rawdata_fastq_symbolic/4067049578	4067049518	/BiO/scratch/users/minhak/hyunwoo/data/rawdata_fastq_symbolic/4067049518	4067052864	/BiO/scratch/users/minhak/hyunwoo/data/rawdata_fastq_symbolic/4067052864
4067061538	/BiO/scratch/users/minhak/hyunwoo/data/rawdata_fastq_symbolic/4067061538	4067049554	/BiO/scratch/users/minhak/hyunwoo/data/rawdata_fastq_symbolic/4067049554	4067052867	/BiO/scratch/users/minhak/hyunwoo/data/rawdata_fastq_symbolic/4067052867
4067061538	/BiO/scratch/users/minhak/hyunwoo/data/rawdata_fastq_symbolic/4067061538	4067049554	/BiO/scratch/users/minhak/hyunwoo/data/rawdata_fastq_symbolic/4067049554	4067061555	/BiO/scratch/users/minhak/hyunwoo/data/rawdata_fastq_symbolic/4067061555
4067054037	/BiO/scratch/users/minhak/hyunwoo/data/rawdata_fastq_symbolic/4067054037	4067054049	/BiO/scratch/users/minhak/hyunwoo/data/rawdata_fastq_symbolic/4067054049	4067054025	/BiO/scratch/users/minhak/hyunwoo/data/rawdata_fastq_symbolic/4067054025
4067054037	/BiO/scratch/users/minhak/hyunwoo/data/rawdata_fastq_symbolic/4067054037	4067054049	/BiO/scratch/users/minhak/hyunwoo/data/rawdata_fastq_symbolic/4067054049	4067054061	/BiO/scratch/users/minhak/hyunwoo/data/rawdata_fastq_symbolic/4067054061
4067054498	/BiO/scratch/users/minhak/hyunwoo/data/rawdata_fastq_symbolic/4067054498	4068465456	/BiO/scratch/users/minhak/hyunwoo/data/rawdata_fastq_symbolic/4068465456	4067054422	/BiO/scratch/users/minhak/hyunwoo/data/rawdata_fastq_symbolic/4067054422
4067054498	/BiO/scratch/users/minhak/hyunwoo/data/rawdata_fastq_symbolic/4067054498	4068465456	/BiO/scratch/users/minhak/hyunwoo/data/rawdata_fastq_symbolic/4068465456	4067057643	/BiO/scratch/users/minhak/hyunwoo/data/rawdata_fastq_symbolic/4067057643
4067054495	/BiO/scratch/users/minhak/hyunwoo/data/rawdata_fastq_symbolic/4067054495	4067054412	/BiO/scratch/users/minhak/hyunwoo/data/rawdata_fastq_symbolic/4067054412	4067054483	/BiO/scratch/users/minhak/hyunwoo/data/rawdata_fastq_symbolic/4067054483
4067054495	/BiO/scratch/users/minhak/hyunwoo/data/rawdata_fastq_symbolic/4067054495	4067054412	/BiO/scratch/users/minhak/hyunwoo/data/rawdata_fastq_symbolic/4067054412	4067054424	/BiO/scratch/users/minhak/hyunwoo/data/rawdata_fastq_symbolic/4067054424
4067056838	/BiO/scratch/users/minhak/hyunwoo/data/rawdata_fastq_symbolic/4067056838	4067056850	/BiO/scratch/users/minhak/hyunwoo/data/rawdata_fastq_symbolic/4067056850	4067056826	/BiO/scratch/users/minhak/hyunwoo/data/rawdata_fastq_symbolic/4067056826
4067056838	/BiO/scratch/users/minhak/hyunwoo/data/rawdata_fastq_symbolic/4067056838	4067056850	/BiO/scratch/users/minhak/hyunwoo/data/rawdata_fastq_symbolic/4067056850	4067056862	/BiO/scratch/users/minhak/hyunwoo/data/rawdata_fastq_symbolic/4067056862
4067056827	/BiO/scratch/users/minhak/hyunwoo/data/rawdata_fastq_symbolic/4067056827	4067056839	/BiO/scratch/users/minhak/hyunwoo/data/rawdata_fastq_symbolic/4067056839	4067056898	/BiO/scratch/users/minhak/hyunwoo/data/rawdata_fastq_symbolic/4067056898
4067056827	/BiO/scratch/users/minhak/hyunwoo/data/rawdata_fastq_symbolic/4067056827	4067056839	/BiO/scratch/users/minhak/hyunwoo/data/rawdata_fastq_symbolic/4067056839	4067056815	/BiO/scratch/users/minhak/hyunwoo/data/rawdata_fastq_symbolic/4067056815
4067060879	/BiO/scratch/users/minhak/hyunwoo/data/rawdata_fastq_symbolic/4067060879	4067057015	/BiO/scratch/users/minhak/hyunwoo/data/rawdata_fastq_symbolic/4067057015	4067057010	/BiO/scratch/users/minhak/hyunwoo/data/rawdata_fastq_symbolic/4067057010
4067060879	/BiO/scratch/users/minhak/hyunwoo/data/rawdata_fastq_symbolic/4067060879	4067057015	/BiO/scratch/users/minhak/hyunwoo/data/rawdata_fastq_symbolic/4067057015	4067057027	/BiO/scratch/users/minhak/hyunwoo/data/rawdata_fastq_symbolic/4067057027
4067057033	/BiO/scratch/users/minhak/hyunwoo/data/rawdata_fastq_symbolic/4067057033	4067057045	/BiO/scratch/users/minhak/hyunwoo/data/rawdata_fastq_symbolic/4067057045	4067057021	/BiO/scratch/users/minhak/hyunwoo/data/rawdata_fastq_symbolic/4067057021
4067057033	/BiO/scratch/users/minhak/hyunwoo/data/rawdata_fastq_symbolic/4067057033	4067057045	/BiO/scratch/users/minhak/hyunwoo/data/rawdata_fastq_symbolic/4067057045	4067057057	/BiO/scratch/users/minhak/hyunwoo/data/rawdata_fastq_symbolic/4067057057
4067057041	/BiO/scratch/users/minhak/hyunwoo/data/rawdata_fastq_symbolic/4067057041	4067057053	/BiO/scratch/users/minhak/hyunwoo/data/rawdata_fastq_symbolic/4067057053	4067057029	/BiO/scratch/users/minhak/hyunwoo/data/rawdata_fastq_symbolic/4067057029
4067057041	/BiO/scratch/users/minhak/hyunwoo/data/rawdata_fastq_symbolic/4067057041	4067057053	/BiO/scratch/users/minhak/hyunwoo/data/rawdata_fastq_symbolic/4067057053	4067057065	/BiO/scratch/users/minhak/hyunwoo/data/rawdata_fastq_symbolic/4067057065
4067058357	/BiO/scratch/users/minhak/hyunwoo/data/rawdata_fastq_symbolic/4067058357	4067058369	/BiO/scratch/users/minhak/hyunwoo/data/rawdata_fastq_symbolic/4067058369	4067058345	/BiO/scratch/users/minhak/hyunwoo/data/rawdata_fastq_symbolic/4067058345
4067058357	/BiO/scratch/users/minhak/hyunwoo/data/rawdata_fastq_symbolic/4067058357	4067058369	/BiO/scratch/users/minhak/hyunwoo/data/rawdata_fastq_symbolic/4067058369	4067058381	/BiO/scratch/users/minhak/hyunwoo/data/rawdata_fastq_symbolic/4067058381
4067060860	/BiO/scratch/users/minhak/hyunwoo/data/rawdata_fastq_symbolic/4067060860	4067060872	/BiO/scratch/users/minhak/hyunwoo/data/rawdata_fastq_symbolic/4067060872	4067060836	/BiO/scratch/users/minhak/hyunwoo/data/rawdata_fastq_symbolic/4067060836
4067060860	/BiO/scratch/users/minhak/hyunwoo/data/rawdata_fastq_symbolic/4067060860	4067060872	/BiO/scratch/users/minhak/hyunwoo/data/rawdata_fastq_symbolic/4067060872	4067060848	/BiO/scratch/users/minhak/hyunwoo/data/rawdata_fastq_symbolic/4067060848
4067062390	/BiO/scratch/users/minhak/hyunwoo/data/rawdata_fastq_symbolic/4067062390	4067062402	/BiO/scratch/users/minhak/hyunwoo/data/rawdata_fastq_symbolic/4067062402	4067062378	/BiO/scratch/users/minhak/hyunwoo/data/rawdata_fastq_symbolic/4067062378
4067062390	/BiO/scratch/users/minhak/hyunwoo/data/rawdata_fastq_symbolic/4067062390	4067062402	/BiO/scratch/users/minhak/hyunwoo/data/rawdata_fastq_symbolic/4067062402	4067062414	/BiO/scratch/users/minhak/hyunwoo/data/rawdata_fastq_symbolic/4067062414
4067062438	/BiO/scratch/users/minhak/hyunwoo/data/rawdata_fastq_symbolic/4067062438	4067062462	/BiO/scratch/users/minhak/hyunwoo/data/rawdata_fastq_symbolic/4067062462	4067062450	/BiO/scratch/users/minhak/hyunwoo/data/rawdata_fastq_symbolic/4067062450
4067062438	/BiO/scratch/users/minhak/hyunwoo/data/rawdata_fastq_symbolic/4067062438	4067062462	/BiO/scratch/users/minhak/hyunwoo/data/rawdata_fastq_symbolic/4067062462	4067062426	/BiO/scratch/users/minhak/hyunwoo/data/rawdata_fastq_symbolic/4067062426
4067233410	/BiO/scratch/users/minhak/hyunwoo/data/rawdata_fastq_symbolic/4067233410	4067233398	/BiO/scratch/users/minhak/hyunwoo/data/rawdata_fastq_symbolic/4067233398	4067233374	/BiO/scratch/users/minhak/hyunwoo/data/rawdata_fastq_symbolic/4067233374
4067233410	/BiO/scratch/users/minhak/hyunwoo/data/rawdata_fastq_symbolic/4067233410	4067233398	/BiO/scratch/users/minhak/hyunwoo/data/rawdata_fastq_symbolic/4067233398	4067233386	/BiO/scratch/users/minhak/hyunwoo/data/rawdata_fastq_symbolic/4067233386
4067238824	/BiO/scratch/users/minhak/hyunwoo/data/rawdata_fastq_symbolic/4067238824	4067238907	/BiO/scratch/users/minhak/hyunwoo/data/rawdata_fastq_symbolic/4067238907	4067238848	/BiO/scratch/users/minhak/hyunwoo/data/rawdata_fastq_symbolic/4067238848
4067238824	/BiO/scratch/users/minhak/hyunwoo/data/rawdata_fastq_symbolic/4067238824	4067238907	/BiO/scratch/users/minhak/hyunwoo/data/rawdata_fastq_symbolic/4067238907	4067238836	/BiO/scratch/users/minhak/hyunwoo/data/rawdata_fastq_symbolic/4067238836
4067238827	/BiO/scratch/users/minhak/hyunwoo/data/rawdata_fastq_symbolic/4067238827	4067238839	/BiO/scratch/users/minhak/hyunwoo/data/rawdata_fastq_symbolic/4067238839	4067238910	/BiO/scratch/users/minhak/hyunwoo/data/rawdata_fastq_symbolic/4067238910
4067238827	/BiO/scratch/users/minhak/hyunwoo/data/rawdata_fastq_symbolic/4067238827	4067238839	/BiO/scratch/users/minhak/hyunwoo/data/rawdata_fastq_symbolic/4067238839	4067238851	/BiO/scratch/users/minhak/hyunwoo/data/rawdata_fastq_symbolic/4067238851
4067243010	/BiO/scratch/users/minhak/hyunwoo/data/rawdata_fastq_symbolic/4067243010	4067243022	/BiO/scratch/users/minhak/hyunwoo/data/rawdata_fastq_symbolic/4067243022	4067242998	/BiO/scratch/users/minhak/hyunwoo/data/rawdata_fastq_symbolic/4067242998
4067243010	/BiO/scratch/users/minhak/hyunwoo/data/rawdata_fastq_symbolic/4067243010	4067243022	/BiO/scratch/users/minhak/hyunwoo/data/rawdata_fastq_symbolic/4067243022	4067238915	/BiO/scratch/users/minhak/hyunwoo/data/rawdata_fastq_symbolic/4067238915
4067243016	/BiO/scratch/users/minhak/hyunwoo/data/rawdata_fastq_symbolic/4067243016	4067243028	/BiO/scratch/users/minhak/hyunwoo/data/rawdata_fastq_symbolic/4067243028	4067243004	/BiO/scratch/users/minhak/hyunwoo/data/rawdata_fastq_symbolic/4067243004
4067243016	/BiO/scratch/users/minhak/hyunwoo/data/rawdata_fastq_symbolic/4067243016	4067243028	/BiO/scratch/users/minhak/hyunwoo/data/rawdata_fastq_symbolic/4067243028	4067243040	/BiO/scratch/users/minhak/hyunwoo/data/rawdata_fastq_symbolic/4067243040
4067242960	/BiO/scratch/users/minhak/hyunwoo/data/rawdata_fastq_symbolic/4067242960	4067242948	/BiO/scratch/users/minhak/hyunwoo/data/rawdata_fastq_symbolic/4067242948	4067243031	/BiO/scratch/users/minhak/hyunwoo/data/rawdata_fastq_symbolic/4067243031
4067242960	/BiO/scratch/users/minhak/hyunwoo/data/rawdata_fastq_symbolic/4067242960	4067242948	/BiO/scratch/users/minhak/hyunwoo/data/rawdata_fastq_symbolic/4067242948	4067242972	/BiO/scratch/users/minhak/hyunwoo/data/rawdata_fastq_symbolic/4067242972
4067257916	/BiO/scratch/users/minhak/hyunwoo/data/rawdata_fastq_symbolic/4067257916	4067257833	/BiO/scratch/users/minhak/hyunwoo/data/rawdata_fastq_symbolic/4067257833	4067257904	/BiO/scratch/users/minhak/hyunwoo/data/rawdata_fastq_symbolic/4067257904
4067257916	/BiO/scratch/users/minhak/hyunwoo/data/rawdata_fastq_symbolic/4067257916	4067257833	/BiO/scratch/users/minhak/hyunwoo/data/rawdata_fastq_symbolic/4067257833	4067257845	/BiO/scratch/users/minhak/hyunwoo/data/rawdata_fastq_symbolic/4067257845
4067259729	/BiO/scratch/users/minhak/hyunwoo/data/rawdata_fastq_symbolic/4067259729	4067259741	/BiO/scratch/users/minhak/hyunwoo/data/rawdata_fastq_symbolic/4067259741	4067259717	/BiO/scratch/users/minhak/hyunwoo/data/rawdata_fastq_symbolic/4067259717
4067259729	/BiO/scratch/users/minhak/hyunwoo/data/rawdata_fastq_symbolic/4067259729	4067259741	/BiO/scratch/users/minhak/hyunwoo/data/rawdata_fastq_symbolic/4067259741	4067259658	/BiO/scratch/users/minhak/hyunwoo/data/rawdata_fastq_symbolic/4067259658
4067259655	/BiO/scratch/users/minhak/hyunwoo/data/rawdata_fastq_symbolic/4067259655	4067259738	/BiO/scratch/users/minhak/hyunwoo/data/rawdata_fastq_symbolic/4067259738	4067259726	/BiO/scratch/users/minhak/hyunwoo/data/rawdata_fastq_symbolic/4067259726
4067259655	/BiO/scratch/users/minhak/hyunwoo/data/rawdata_fastq_symbolic/4067259655	4067259738	/BiO/scratch/users/minhak/hyunwoo/data/rawdata_fastq_symbolic/4067259738	4067259667	/BiO/scratch/users/minhak/hyunwoo/data/rawdata_fastq_symbolic/4067259667
4068420604	/BiO/scratch/users/minhak/hyunwoo/data/rawdata_fastq_symbolic/4068420604	4069525562	/BiO/scratch/users/minhak/hyunwoo/data/rawdata_fastq_symbolic/4069525562	4067260179	/BiO/scratch/users/minhak/hyunwoo/data/rawdata_fastq_symbolic/4067260179
4068420604	/BiO/scratch/users/minhak/hyunwoo/data/rawdata_fastq_symbolic/4068420604	4069525562	/BiO/scratch/users/minhak/hyunwoo/data/rawdata_fastq_symbolic/4069525562	4069529331	/BiO/scratch/users/minhak/hyunwoo/data/rawdata_fastq_symbolic/4069529331
4069519864	/BiO/scratch/users/minhak/hyunwoo/data/rawdata_fastq_symbolic/4069519864	4068462695	/BiO/scratch/users/minhak/hyunwoo/data/rawdata_fastq_symbolic/4068462695	4068395466	/BiO/scratch/users/minhak/hyunwoo/data/rawdata_fastq_symbolic/4068395466
4069519864	/BiO/scratch/users/minhak/hyunwoo/data/rawdata_fastq_symbolic/4069519864	4068462695	/BiO/scratch/users/minhak/hyunwoo/data/rawdata_fastq_symbolic/4068462695	4068413252	/BiO/scratch/users/minhak/hyunwoo/data/rawdata_fastq_symbolic/4068413252
4068409481	/BiO/scratch/users/minhak/hyunwoo/data/rawdata_fastq_symbolic/4068409481	4068409493	/BiO/scratch/users/minhak/hyunwoo/data/rawdata_fastq_symbolic/4068409493	4068409469	/BiO/scratch/users/minhak/hyunwoo/data/rawdata_fastq_symbolic/4068409469
4068409481	/BiO/scratch/users/minhak/hyunwoo/data/rawdata_fastq_symbolic/4068409481	4068409493	/BiO/scratch/users/minhak/hyunwoo/data/rawdata_fastq_symbolic/4068409493	4068409479	/BiO/scratch/users/minhak/hyunwoo/data/rawdata_fastq_symbolic/4068409479
4069522388	/BiO/scratch/users/minhak/hyunwoo/data/rawdata_fastq_symbolic/4069522388	4069522305	/BiO/scratch/users/minhak/hyunwoo/data/rawdata_fastq_symbolic/4069522305	4068415336	/BiO/scratch/users/minhak/hyunwoo/data/rawdata_fastq_symbolic/4068415336
4069522388	/BiO/scratch/users/minhak/hyunwoo/data/rawdata_fastq_symbolic/4069522388	4069522305	/BiO/scratch/users/minhak/hyunwoo/data/rawdata_fastq_symbolic/4069522305	4068415348	/BiO/scratch/users/minhak/hyunwoo/data/rawdata_fastq_symbolic/4068415348
4068416280	/BiO/scratch/users/minhak/hyunwoo/data/rawdata_fastq_symbolic/4068416280	4068416292	/BiO/scratch/users/minhak/hyunwoo/data/rawdata_fastq_symbolic/4068416292	4068416268	/BiO/scratch/users/minhak/hyunwoo/data/rawdata_fastq_symbolic/4068416268
4068416280	/BiO/scratch/users/minhak/hyunwoo/data/rawdata_fastq_symbolic/4068416280	4068416292	/BiO/scratch/users/minhak/hyunwoo/data/rawdata_fastq_symbolic/4068416292	4069319871	/BiO/scratch/users/minhak/hyunwoo/data/rawdata_fastq_symbolic/4069319871
4068416307	/BiO/scratch/users/minhak/hyunwoo/data/rawdata_fastq_symbolic/4068416307	4068416319	/BiO/scratch/users/minhak/hyunwoo/data/rawdata_fastq_symbolic/4068416319	4068416295	/BiO/scratch/users/minhak/hyunwoo/data/rawdata_fastq_symbolic/4068416295
4068416307	/BiO/scratch/users/minhak/hyunwoo/data/rawdata_fastq_symbolic/4068416307	4068416319	/BiO/scratch/users/minhak/hyunwoo/data/rawdata_fastq_symbolic/4068416319	4068416331	/BiO/scratch/users/minhak/hyunwoo/data/rawdata_fastq_symbolic/4068416331
4068416312	/BiO/scratch/users/minhak/hyunwoo/data/rawdata_fastq_symbolic/4068416312	4068416324	/BiO/scratch/users/minhak/hyunwoo/data/rawdata_fastq_symbolic/4068416324	4068416300	/BiO/scratch/users/minhak/hyunwoo/data/rawdata_fastq_symbolic/4068416300
4068416312	/BiO/scratch/users/minhak/hyunwoo/data/rawdata_fastq_symbolic/4068416312	4068416324	/BiO/scratch/users/minhak/hyunwoo/data/rawdata_fastq_symbolic/4068416324	4068416241	/BiO/scratch/users/minhak/hyunwoo/data/rawdata_fastq_symbolic/4068416241
4068416318	/BiO/scratch/users/minhak/hyunwoo/data/rawdata_fastq_symbolic/4068416318	4068416330	/BiO/scratch/users/minhak/hyunwoo/data/rawdata_fastq_symbolic/4068416330	4068416306	/BiO/scratch/users/minhak/hyunwoo/data/rawdata_fastq_symbolic/4068416306
4068416318	/BiO/scratch/users/minhak/hyunwoo/data/rawdata_fastq_symbolic/4068416318	4068416330	/BiO/scratch/users/minhak/hyunwoo/data/rawdata_fastq_symbolic/4068416330	4068416247	/BiO/scratch/users/minhak/hyunwoo/data/rawdata_fastq_symbolic/4068416247
4068419536	/BiO/scratch/users/minhak/hyunwoo/data/rawdata_fastq_symbolic/4068419536	4068419548	/BiO/scratch/users/minhak/hyunwoo/data/rawdata_fastq_symbolic/4068419548	4068419524	/BiO/scratch/users/minhak/hyunwoo/data/rawdata_fastq_symbolic/4068419524
4068419536	/BiO/scratch/users/minhak/hyunwoo/data/rawdata_fastq_symbolic/4068419536	4068419548	/BiO/scratch/users/minhak/hyunwoo/data/rawdata_fastq_symbolic/4068419548	4068419560	/BiO/scratch/users/minhak/hyunwoo/data/rawdata_fastq_symbolic/4068419560
4068419663	/BiO/scratch/users/minhak/hyunwoo/data/rawdata_fastq_symbolic/4068419663	4068419675	/BiO/scratch/users/minhak/hyunwoo/data/rawdata_fastq_symbolic/4068419675	4068419639	/BiO/scratch/users/minhak/hyunwoo/data/rawdata_fastq_symbolic/4068419639
4068419663	/BiO/scratch/users/minhak/hyunwoo/data/rawdata_fastq_symbolic/4068419663	4068419675	/BiO/scratch/users/minhak/hyunwoo/data/rawdata_fastq_symbolic/4068419675	4068419651	/BiO/scratch/users/minhak/hyunwoo/data/rawdata_fastq_symbolic/4068419651
4068419654	/BiO/scratch/users/minhak/hyunwoo/data/rawdata_fastq_symbolic/4068419654	4068419666	/BiO/scratch/users/minhak/hyunwoo/data/rawdata_fastq_symbolic/4068419666	4068419642	/BiO/scratch/users/minhak/hyunwoo/data/rawdata_fastq_symbolic/4068419642
4068419654	/BiO/scratch/users/minhak/hyunwoo/data/rawdata_fastq_symbolic/4068419654	4068419666	/BiO/scratch/users/minhak/hyunwoo/data/rawdata_fastq_symbolic/4068419666	4068419678	/BiO/scratch/users/minhak/hyunwoo/data/rawdata_fastq_symbolic/4068419678
4068419660	/BiO/scratch/users/minhak/hyunwoo/data/rawdata_fastq_symbolic/4068419660	4068419672	/BiO/scratch/users/minhak/hyunwoo/data/rawdata_fastq_symbolic/4068419672	4068419648	/BiO/scratch/users/minhak/hyunwoo/data/rawdata_fastq_symbolic/4068419648
4068419660	/BiO/scratch/users/minhak/hyunwoo/data/rawdata_fastq_symbolic/4068419660	4068419672	/BiO/scratch/users/minhak/hyunwoo/data/rawdata_fastq_symbolic/4068419672	4068419684	/BiO/scratch/users/minhak/hyunwoo/data/rawdata_fastq_symbolic/4068419684
4065586861	/BiO/scratch/users/minhak/hyunwoo/data/rawdata_fastq_symbolic/4065586861	4068471027	/BiO/scratch/users/minhak/hyunwoo/data/rawdata_fastq_symbolic/4068471027	4068420014	/BiO/scratch/users/minhak/hyunwoo/data/rawdata_fastq_symbolic/4068420014
4065586861	/BiO/scratch/users/minhak/hyunwoo/data/rawdata_fastq_symbolic/4065586861	4068471027	/BiO/scratch/users/minhak/hyunwoo/data/rawdata_fastq_symbolic/4068471027	4068478247	/BiO/scratch/users/minhak/hyunwoo/data/rawdata_fastq_symbolic/4068478247
4068420650	/BiO/scratch/users/minhak/hyunwoo/data/rawdata_fastq_symbolic/4068420650	4068420567	/BiO/scratch/users/minhak/hyunwoo/data/rawdata_fastq_symbolic/4068420567	4068420638	/BiO/scratch/users/minhak/hyunwoo/data/rawdata_fastq_symbolic/4068420638
4068420650	/BiO/scratch/users/minhak/hyunwoo/data/rawdata_fastq_symbolic/4068420650	4068420567	/BiO/scratch/users/minhak/hyunwoo/data/rawdata_fastq_symbolic/4068420567	4068420579	/BiO/scratch/users/minhak/hyunwoo/data/rawdata_fastq_symbolic/4068420579
4068420561	/BiO/scratch/users/minhak/hyunwoo/data/rawdata_fastq_symbolic/4068420561	4068420573	/BiO/scratch/users/minhak/hyunwoo/data/rawdata_fastq_symbolic/4068420573	4068420644	/BiO/scratch/users/minhak/hyunwoo/data/rawdata_fastq_symbolic/4068420644
4068420561	/BiO/scratch/users/minhak/hyunwoo/data/rawdata_fastq_symbolic/4068420561	4068420573	/BiO/scratch/users/minhak/hyunwoo/data/rawdata_fastq_symbolic/4068420573	4068420585	/BiO/scratch/users/minhak/hyunwoo/data/rawdata_fastq_symbolic/4068420585
4068464702	/BiO/scratch/users/minhak/hyunwoo/data/rawdata_fastq_symbolic/4068464702	4068423311	/BiO/scratch/users/minhak/hyunwoo/data/rawdata_fastq_symbolic/4068423311	4068457791	/BiO/scratch/users/minhak/hyunwoo/data/rawdata_fastq_symbolic/4068457791
4068464702	/BiO/scratch/users/minhak/hyunwoo/data/rawdata_fastq_symbolic/4068464702	4068423311	/BiO/scratch/users/minhak/hyunwoo/data/rawdata_fastq_symbolic/4068423311	4068455535	/BiO/scratch/users/minhak/hyunwoo/data/rawdata_fastq_symbolic/4068455535
4069497501	/BiO/scratch/users/minhak/hyunwoo/data/rawdata_fastq_symbolic/4069497501	4069313597	/BiO/scratch/users/minhak/hyunwoo/data/rawdata_fastq_symbolic/4069313597	4068469106	/BiO/scratch/users/minhak/hyunwoo/data/rawdata_fastq_symbolic/4068469106
4069497501	/BiO/scratch/users/minhak/hyunwoo/data/rawdata_fastq_symbolic/4069497501	4069313597	/BiO/scratch/users/minhak/hyunwoo/data/rawdata_fastq_symbolic/4069313597	4068400959	/BiO/scratch/users/minhak/hyunwoo/data/rawdata_fastq_symbolic/4068400959
4067050827	/BiO/scratch/users/minhak/hyunwoo/data/rawdata_fastq_symbolic/4067050827	4068458882	/BiO/scratch/users/minhak/hyunwoo/data/rawdata_fastq_symbolic/4068458882	4068469597	/BiO/scratch/users/minhak/hyunwoo/data/rawdata_fastq_symbolic/4068469597
4067050827	/BiO/scratch/users/minhak/hyunwoo/data/rawdata_fastq_symbolic/4067050827	4068458882	/BiO/scratch/users/minhak/hyunwoo/data/rawdata_fastq_symbolic/4068458882	4068487371	/BiO/scratch/users/minhak/hyunwoo/data/rawdata_fastq_symbolic/4068487371
4069523991	/BiO/scratch/users/minhak/hyunwoo/data/rawdata_fastq_symbolic/4069523991	4069314026	/BiO/scratch/users/minhak/hyunwoo/data/rawdata_fastq_symbolic/4069314026	4068470067	/BiO/scratch/users/minhak/hyunwoo/data/rawdata_fastq_symbolic/4068470067
4069523991	/BiO/scratch/users/minhak/hyunwoo/data/rawdata_fastq_symbolic/4069523991	4069314026	/BiO/scratch/users/minhak/hyunwoo/data/rawdata_fastq_symbolic/4069314026	4069523643	/BiO/scratch/users/minhak/hyunwoo/data/rawdata_fastq_symbolic/4069523643
4069313611	/BiO/scratch/users/minhak/hyunwoo/data/rawdata_fastq_symbolic/4069313611	4069529453	/BiO/scratch/users/minhak/hyunwoo/data/rawdata_fastq_symbolic/4069529453	4068470127	/BiO/scratch/users/minhak/hyunwoo/data/rawdata_fastq_symbolic/4068470127
4069313611	/BiO/scratch/users/minhak/hyunwoo/data/rawdata_fastq_symbolic/4069313611	4069529453	/BiO/scratch/users/minhak/hyunwoo/data/rawdata_fastq_symbolic/4069529453	4069529450	/BiO/scratch/users/minhak/hyunwoo/data/rawdata_fastq_symbolic/4069529450
4069529590	/BiO/scratch/users/minhak/hyunwoo/data/rawdata_fastq_symbolic/4069529590	4068468578	/BiO/scratch/users/minhak/hyunwoo/data/rawdata_fastq_symbolic/4068468578	4068470247	/BiO/scratch/users/minhak/hyunwoo/data/rawdata_fastq_symbolic/4068470247
4069529590	/BiO/scratch/users/minhak/hyunwoo/data/rawdata_fastq_symbolic/4069529590	4068468578	/BiO/scratch/users/minhak/hyunwoo/data/rawdata_fastq_symbolic/4068468578	4069329535	/BiO/scratch/users/minhak/hyunwoo/data/rawdata_fastq_symbolic/4069329535
4068474255	/BiO/scratch/users/minhak/hyunwoo/data/rawdata_fastq_symbolic/4068474255	4068474267	/BiO/scratch/users/minhak/hyunwoo/data/rawdata_fastq_symbolic/4068474267	4068474303	/BiO/scratch/users/minhak/hyunwoo/data/rawdata_fastq_symbolic/4068474303
4068474255	/BiO/scratch/users/minhak/hyunwoo/data/rawdata_fastq_symbolic/4068474255	4068474267	/BiO/scratch/users/minhak/hyunwoo/data/rawdata_fastq_symbolic/4068474267	4068474279	/BiO/scratch/users/minhak/hyunwoo/data/rawdata_fastq_symbolic/4068474279
4068474791	/BiO/scratch/users/minhak/hyunwoo/data/rawdata_fastq_symbolic/4068474791	4068474708	/BiO/scratch/users/minhak/hyunwoo/data/rawdata_fastq_symbolic/4068474708	4068474779	/BiO/scratch/users/minhak/hyunwoo/data/rawdata_fastq_symbolic/4068474779
4068474791	/BiO/scratch/users/minhak/hyunwoo/data/rawdata_fastq_symbolic/4068474791	4068474708	/BiO/scratch/users/minhak/hyunwoo/data/rawdata_fastq_symbolic/4068474708	4068474720	/BiO/scratch/users/minhak/hyunwoo/data/rawdata_fastq_symbolic/4068474720
4068416327	/BiO/scratch/users/minhak/hyunwoo/data/rawdata_fastq_symbolic/4068416327	4068476741	/BiO/scratch/users/minhak/hyunwoo/data/rawdata_fastq_symbolic/4068476741	4068476729	/BiO/scratch/users/minhak/hyunwoo/data/rawdata_fastq_symbolic/4068476729
4068416327	/BiO/scratch/users/minhak/hyunwoo/data/rawdata_fastq_symbolic/4068416327	4068476741	/BiO/scratch/users/minhak/hyunwoo/data/rawdata_fastq_symbolic/4068476741	4068416244	/BiO/scratch/users/minhak/hyunwoo/data/rawdata_fastq_symbolic/4068416244
4068476718	/BiO/scratch/users/minhak/hyunwoo/data/rawdata_fastq_symbolic/4068476718	4068476753	/BiO/scratch/users/minhak/hyunwoo/data/rawdata_fastq_symbolic/4068476753	4068476801	/BiO/scratch/users/minhak/hyunwoo/data/rawdata_fastq_symbolic/4068476801
4068476718	/BiO/scratch/users/minhak/hyunwoo/data/rawdata_fastq_symbolic/4068476718	4068476753	/BiO/scratch/users/minhak/hyunwoo/data/rawdata_fastq_symbolic/4068476753	4068476765	/BiO/scratch/users/minhak/hyunwoo/data/rawdata_fastq_symbolic/4068476765
4068480664	/BiO/scratch/users/minhak/hyunwoo/data/rawdata_fastq_symbolic/4068480664	4068480676	/BiO/scratch/users/minhak/hyunwoo/data/rawdata_fastq_symbolic/4068480676	4068480652	/BiO/scratch/users/minhak/hyunwoo/data/rawdata_fastq_symbolic/4068480652
4068480664	/BiO/scratch/users/minhak/hyunwoo/data/rawdata_fastq_symbolic/4068480664	4068480676	/BiO/scratch/users/minhak/hyunwoo/data/rawdata_fastq_symbolic/4068480676	4068480688	/BiO/scratch/users/minhak/hyunwoo/data/rawdata_fastq_symbolic/4068480688
4068481528	/BiO/scratch/users/minhak/hyunwoo/data/rawdata_fastq_symbolic/4068481528	4068481540	/BiO/scratch/users/minhak/hyunwoo/data/rawdata_fastq_symbolic/4068481540	4068481516	/BiO/scratch/users/minhak/hyunwoo/data/rawdata_fastq_symbolic/4068481516
4068481528	/BiO/scratch/users/minhak/hyunwoo/data/rawdata_fastq_symbolic/4068481528	4068481540	/BiO/scratch/users/minhak/hyunwoo/data/rawdata_fastq_symbolic/4068481540	4068481552	/BiO/scratch/users/minhak/hyunwoo/data/rawdata_fastq_symbolic/4068481552
4068481556	/BiO/scratch/users/minhak/hyunwoo/data/rawdata_fastq_symbolic/4068481556	4068481568	/BiO/scratch/users/minhak/hyunwoo/data/rawdata_fastq_symbolic/4068481568	4068481544	/BiO/scratch/users/minhak/hyunwoo/data/rawdata_fastq_symbolic/4068481544
4068481556	/BiO/scratch/users/minhak/hyunwoo/data/rawdata_fastq_symbolic/4068481556	4068481568	/BiO/scratch/users/minhak/hyunwoo/data/rawdata_fastq_symbolic/4068481568	4068481580	/BiO/scratch/users/minhak/hyunwoo/data/rawdata_fastq_symbolic/4068481580
4068481949	/BiO/scratch/users/minhak/hyunwoo/data/rawdata_fastq_symbolic/4068481949	4068481937	/BiO/scratch/users/minhak/hyunwoo/data/rawdata_fastq_symbolic/4068481937	4068481910	/BiO/scratch/users/minhak/hyunwoo/data/rawdata_fastq_symbolic/4068481910
4068481949	/BiO/scratch/users/minhak/hyunwoo/data/rawdata_fastq_symbolic/4068481949	4068481937	/BiO/scratch/users/minhak/hyunwoo/data/rawdata_fastq_symbolic/4068481937	4068481961	/BiO/scratch/users/minhak/hyunwoo/data/rawdata_fastq_symbolic/4068481961
4068481907	/BiO/scratch/users/minhak/hyunwoo/data/rawdata_fastq_symbolic/4068481907	4068481919	/BiO/scratch/users/minhak/hyunwoo/data/rawdata_fastq_symbolic/4068481919	4068481990	/BiO/scratch/users/minhak/hyunwoo/data/rawdata_fastq_symbolic/4068481990
4068481907	/BiO/scratch/users/minhak/hyunwoo/data/rawdata_fastq_symbolic/4068481907	4068481919	/BiO/scratch/users/minhak/hyunwoo/data/rawdata_fastq_symbolic/4068481919	4068481931	/BiO/scratch/users/minhak/hyunwoo/data/rawdata_fastq_symbolic/4068481931
4068470271	/BiO/scratch/users/minhak/hyunwoo/data/rawdata_fastq_symbolic/4068470271	4069335782	/BiO/scratch/users/minhak/hyunwoo/data/rawdata_fastq_symbolic/4069335782	4069314123	/BiO/scratch/users/minhak/hyunwoo/data/rawdata_fastq_symbolic/4069314123
4068470271	/BiO/scratch/users/minhak/hyunwoo/data/rawdata_fastq_symbolic/4068470271	4069335782	/BiO/scratch/users/minhak/hyunwoo/data/rawdata_fastq_symbolic/4069335782	4069313678	/BiO/scratch/users/minhak/hyunwoo/data/rawdata_fastq_symbolic/4069313678
4069320265	/BiO/scratch/users/minhak/hyunwoo/data/rawdata_fastq_symbolic/4069320265	4069320182	/BiO/scratch/users/minhak/hyunwoo/data/rawdata_fastq_symbolic/4069320182	4069320253	/BiO/scratch/users/minhak/hyunwoo/data/rawdata_fastq_symbolic/4069320253
4069320265	/BiO/scratch/users/minhak/hyunwoo/data/rawdata_fastq_symbolic/4069320265	4069320182	/BiO/scratch/users/minhak/hyunwoo/data/rawdata_fastq_symbolic/4069320182	4069320194	/BiO/scratch/users/minhak/hyunwoo/data/rawdata_fastq_symbolic/4069320194
4069326805	/BiO/scratch/users/minhak/hyunwoo/data/rawdata_fastq_symbolic/4069326805	4069320927	/BiO/scratch/users/minhak/hyunwoo/data/rawdata_fastq_symbolic/4069320927	4069320939	/BiO/scratch/users/minhak/hyunwoo/data/rawdata_fastq_symbolic/4069320939
4069326805	/BiO/scratch/users/minhak/hyunwoo/data/rawdata_fastq_symbolic/4069326805	4069320927	/BiO/scratch/users/minhak/hyunwoo/data/rawdata_fastq_symbolic/4069320927	4069326817	/BiO/scratch/users/minhak/hyunwoo/data/rawdata_fastq_symbolic/4069326817
4069321661	/BiO/scratch/users/minhak/hyunwoo/data/rawdata_fastq_symbolic/4069321661	4069321673	/BiO/scratch/users/minhak/hyunwoo/data/rawdata_fastq_symbolic/4069321673	4069321637	/BiO/scratch/users/minhak/hyunwoo/data/rawdata_fastq_symbolic/4069321637
4069321661	/BiO/scratch/users/minhak/hyunwoo/data/rawdata_fastq_symbolic/4069321661	4069321673	/BiO/scratch/users/minhak/hyunwoo/data/rawdata_fastq_symbolic/4069321673	4069321649	/BiO/scratch/users/minhak/hyunwoo/data/rawdata_fastq_symbolic/4069321649
4069326878	/BiO/scratch/users/minhak/hyunwoo/data/rawdata_fastq_symbolic/4069326878	4069326890	/BiO/scratch/users/minhak/hyunwoo/data/rawdata_fastq_symbolic/4069326890	4069326866	/BiO/scratch/users/minhak/hyunwoo/data/rawdata_fastq_symbolic/4069326866
4069326878	/BiO/scratch/users/minhak/hyunwoo/data/rawdata_fastq_symbolic/4069326878	4069326890	/BiO/scratch/users/minhak/hyunwoo/data/rawdata_fastq_symbolic/4069326890	4069326807	/BiO/scratch/users/minhak/hyunwoo/data/rawdata_fastq_symbolic/4069326807
4069326862	/BiO/scratch/users/minhak/hyunwoo/data/rawdata_fastq_symbolic/4069326862	4069326874	/BiO/scratch/users/minhak/hyunwoo/data/rawdata_fastq_symbolic/4069326874	4069326886	/BiO/scratch/users/minhak/hyunwoo/data/rawdata_fastq_symbolic/4069326886
4069326862	/BiO/scratch/users/minhak/hyunwoo/data/rawdata_fastq_symbolic/4069326862	4069326874	/BiO/scratch/users/minhak/hyunwoo/data/rawdata_fastq_symbolic/4069326874	4069326803	/BiO/scratch/users/minhak/hyunwoo/data/rawdata_fastq_symbolic/4069326803
4069538600	/BiO/scratch/users/minhak/hyunwoo/data/rawdata_fastq_symbolic/4069538600	4069538612	/BiO/scratch/users/minhak/hyunwoo/data/rawdata_fastq_symbolic/4069538612	4069331559	/BiO/scratch/users/minhak/hyunwoo/data/rawdata_fastq_symbolic/4069331559
4069538600	/BiO/scratch/users/minhak/hyunwoo/data/rawdata_fastq_symbolic/4069538600	4069538612	/BiO/scratch/users/minhak/hyunwoo/data/rawdata_fastq_symbolic/4069538612	4069604450	/BiO/scratch/users/minhak/hyunwoo/data/rawdata_fastq_symbolic/4069604450
4069533341	/BiO/scratch/users/minhak/hyunwoo/data/rawdata_fastq_symbolic/4069533341	4069331961	/BiO/scratch/users/minhak/hyunwoo/data/rawdata_fastq_symbolic/4069331961	4069331937	/BiO/scratch/users/minhak/hyunwoo/data/rawdata_fastq_symbolic/4069331937
4069533341	/BiO/scratch/users/minhak/hyunwoo/data/rawdata_fastq_symbolic/4069533341	4069331961	/BiO/scratch/users/minhak/hyunwoo/data/rawdata_fastq_symbolic/4069331961	4069331949	/BiO/scratch/users/minhak/hyunwoo/data/rawdata_fastq_symbolic/4069331949
4069514629	/BiO/scratch/users/minhak/hyunwoo/data/rawdata_fastq_symbolic/4069514629	4069514641	/BiO/scratch/users/minhak/hyunwoo/data/rawdata_fastq_symbolic/4069514641	4069538611	/BiO/scratch/users/minhak/hyunwoo/data/rawdata_fastq_symbolic/4069538611
4069514629	/BiO/scratch/users/minhak/hyunwoo/data/rawdata_fastq_symbolic/4069514629	4069514641	/BiO/scratch/users/minhak/hyunwoo/data/rawdata_fastq_symbolic/4069514641	4069514653	/BiO/scratch/users/minhak/hyunwoo/data/rawdata_fastq_symbolic/4069514653
4069333180	/BiO/scratch/users/minhak/hyunwoo/data/rawdata_fastq_symbolic/4069333180	4069333192	/BiO/scratch/users/minhak/hyunwoo/data/rawdata_fastq_symbolic/4069333192	4069333168	/BiO/scratch/users/minhak/hyunwoo/data/rawdata_fastq_symbolic/4069333168
4069333180	/BiO/scratch/users/minhak/hyunwoo/data/rawdata_fastq_symbolic/4069333180	4069333192	/BiO/scratch/users/minhak/hyunwoo/data/rawdata_fastq_symbolic/4069333192	4069333204	/BiO/scratch/users/minhak/hyunwoo/data/rawdata_fastq_symbolic/4069333204
4069335988	/BiO/scratch/users/minhak/hyunwoo/data/rawdata_fastq_symbolic/4069335988	4069336000	/BiO/scratch/users/minhak/hyunwoo/data/rawdata_fastq_symbolic/4069336000	4069335976	/BiO/scratch/users/minhak/hyunwoo/data/rawdata_fastq_symbolic/4069335976
4069335988	/BiO/scratch/users/minhak/hyunwoo/data/rawdata_fastq_symbolic/4069335988	4069336000	/BiO/scratch/users/minhak/hyunwoo/data/rawdata_fastq_symbolic/4069336000	4069335917	/BiO/scratch/users/minhak/hyunwoo/data/rawdata_fastq_symbolic/4069335917
4069533359	/BiO/scratch/users/minhak/hyunwoo/data/rawdata_fastq_symbolic/4069533359	4069533371	/BiO/scratch/users/minhak/hyunwoo/data/rawdata_fastq_symbolic/4069533371	4069533347	/BiO/scratch/users/minhak/hyunwoo/data/rawdata_fastq_symbolic/4069533347
4069533359	/BiO/scratch/users/minhak/hyunwoo/data/rawdata_fastq_symbolic/4069533359	4069533371	/BiO/scratch/users/minhak/hyunwoo/data/rawdata_fastq_symbolic/4069533371	4069533383	/BiO/scratch/users/minhak/hyunwoo/data/rawdata_fastq_symbolic/4069533383
4069517538	/BiO/scratch/users/minhak/hyunwoo/data/rawdata_fastq_symbolic/4069517538	4069517550	/BiO/scratch/users/minhak/hyunwoo/data/rawdata_fastq_symbolic/4069517550	4069517526	/BiO/scratch/users/minhak/hyunwoo/data/rawdata_fastq_symbolic/4069517526
4069517538	/BiO/scratch/users/minhak/hyunwoo/data/rawdata_fastq_symbolic/4069517538	4069517550	/BiO/scratch/users/minhak/hyunwoo/data/rawdata_fastq_symbolic/4069517550	4069517562	/BiO/scratch/users/minhak/hyunwoo/data/rawdata_fastq_symbolic/4069517562
4069526400	/BiO/scratch/users/minhak/hyunwoo/data/rawdata_fastq_symbolic/4069526400	4069526412	/BiO/scratch/users/minhak/hyunwoo/data/rawdata_fastq_symbolic/4069526412	4069526388	/BiO/scratch/users/minhak/hyunwoo/data/rawdata_fastq_symbolic/4069526388
4069526400	/BiO/scratch/users/minhak/hyunwoo/data/rawdata_fastq_symbolic/4069526400	4069526412	/BiO/scratch/users/minhak/hyunwoo/data/rawdata_fastq_symbolic/4069526412	4069526424	/BiO/scratch/users/minhak/hyunwoo/data/rawdata_fastq_symbolic/4069526424
4069536937	/BiO/scratch/users/minhak/hyunwoo/data/rawdata_fastq_symbolic/4069536937	4069509606	/BiO/scratch/users/minhak/hyunwoo/data/rawdata_fastq_symbolic/4069509606	4069524518	/BiO/scratch/users/minhak/hyunwoo/data/rawdata_fastq_symbolic/4069524518
4069536937	/BiO/scratch/users/minhak/hyunwoo/data/rawdata_fastq_symbolic/4069536937	4069509606	/BiO/scratch/users/minhak/hyunwoo/data/rawdata_fastq_symbolic/4069509606	4069530442	/BiO/scratch/users/minhak/hyunwoo/data/rawdata_fastq_symbolic/4069530442
